Using ssh batch size of 1. Attempting to SSH into 1 nodes with a total of 4 workers.
SSH: Attempting to connect to worker 0...
SSH: Attempting to connect to worker 1...
SSH: Attempting to connect to worker 2...
SSH: Attempting to connect to worker 3...
WARNING: Cannot retrieve keys in ssh-agent. Command may stall.
Using scp batch size of 1.Attempting to SCP into 1 nodes with a total of 4 workers.
SCP: Attempting to connect to worker 0...
SCP: Attempting to connect to worker 1...
SCP: Attempting to connect to worker 2...
SCP: Attempting to connect to worker 3...
Using ssh batch size of 1. Attempting to SSH into 1 nodes with a total of 4 workers.
SSH: Attempting to connect to worker 0...
SSH: Attempting to connect to worker 1...
SSH: Attempting to connect to worker 2...
SSH: Attempting to connect to worker 3...
Collecting jax==0.6.2
Collecting jax==0.6.2
  Using cached jax-0.6.2-py3-none-any.whl (2.7 MB)
  Using cached jax-0.6.2-py3-none-any.whl (2.7 MB)
Collecting jax==0.6.2
  Using cached jax-0.6.2-py3-none-any.whl (2.7 MB)
Collecting jax==0.6.2
  Using cached jax-0.6.2-py3-none-any.whl (2.7 MB)
Collecting jaxlib==0.6.2
Collecting jaxlib==0.6.2
Collecting jaxlib==0.6.2
Collecting jaxlib==0.6.2
  Using cached jaxlib-0.6.2-cp310-cp310-manylinux2014_x86_64.whl (89.9 MB)
  Using cached jaxlib-0.6.2-cp310-cp310-manylinux2014_x86_64.whl (89.9 MB)
  Using cached jaxlib-0.6.2-cp310-cp310-manylinux2014_x86_64.whl (89.9 MB)
  Using cached jaxlib-0.6.2-cp310-cp310-manylinux2014_x86_64.whl (89.9 MB)
Collecting numpy==2.2.6
  Using cached numpy-2.2.6-cp310-cp310-manylinux_2_17_x86_64.manylinux2014_x86_64.whl (16.8 MB)
Collecting numpy==2.2.6
  Using cached numpy-2.2.6-cp310-cp310-manylinux_2_17_x86_64.manylinux2014_x86_64.whl (16.8 MB)
Collecting numpy==2.2.6
Collecting numpy==2.2.6
  Using cached numpy-2.2.6-cp310-cp310-manylinux_2_17_x86_64.manylinux2014_x86_64.whl (16.8 MB)
  Using cached numpy-2.2.6-cp310-cp310-manylinux_2_17_x86_64.manylinux2014_x86_64.whl (16.8 MB)
Collecting pytest==8.4.2
  Using cached pytest-8.4.2-py3-none-any.whl (365 kB)
Collecting pytest==8.4.2
  Using cached pytest-8.4.2-py3-none-any.whl (365 kB)
Collecting pytest==8.4.2
  Using cached pytest-8.4.2-py3-none-any.whl (365 kB)
Collecting pytest==8.4.2
  Using cached pytest-8.4.2-py3-none-any.whl (365 kB)
Collecting matplotlib==3.10.6
  Using cached matplotlib-3.10.6-cp310-cp310-manylinux2014_x86_64.manylinux_2_17_x86_64.whl (8.7 MB)
Collecting matplotlib==3.10.6
  Using cached matplotlib-3.10.6-cp310-cp310-manylinux2014_x86_64.manylinux_2_17_x86_64.whl (8.7 MB)
Collecting matplotlib==3.10.6
  Using cached matplotlib-3.10.6-cp310-cp310-manylinux2014_x86_64.manylinux_2_17_x86_64.whl (8.7 MB)
Collecting matplotlib==3.10.6
  Using cached matplotlib-3.10.6-cp310-cp310-manylinux2014_x86_64.manylinux_2_17_x86_64.whl (8.7 MB)
Collecting scipy==1.15.3
  Using cached scipy-1.15.3-cp310-cp310-manylinux_2_17_x86_64.manylinux2014_x86_64.whl (37.7 MB)
Collecting scipy==1.15.3
Collecting scipy==1.15.3
  Using cached scipy-1.15.3-cp310-cp310-manylinux_2_17_x86_64.manylinux2014_x86_64.whl (37.7 MB)
  Using cached scipy-1.15.3-cp310-cp310-manylinux_2_17_x86_64.manylinux2014_x86_64.whl (37.7 MB)
Collecting scipy==1.15.3
  Using cached scipy-1.15.3-cp310-cp310-manylinux_2_17_x86_64.manylinux2014_x86_64.whl (37.7 MB)
Collecting libtpu==0.0.17
Collecting libtpu==0.0.17
Collecting libtpu==0.0.17
Collecting libtpu==0.0.17
  Using cached libtpu-0.0.17-py3-none-manylinux_2_31_x86_64.whl (135.2 MB)
  Using cached libtpu-0.0.17-py3-none-manylinux_2_31_x86_64.whl (135.2 MB)
  Using cached libtpu-0.0.17-py3-none-manylinux_2_31_x86_64.whl (135.2 MB)
  Using cached libtpu-0.0.17-py3-none-manylinux_2_31_x86_64.whl (135.2 MB)
Collecting requests==2.34.2
  Using cached requests-2.34.2-py3-none-any.whl (73 kB)
Collecting requests==2.34.2
  Using cached requests-2.34.2-py3-none-any.whl (73 kB)
Collecting requests==2.34.2
  Using cached requests-2.34.2-py3-none-any.whl (73 kB)
Collecting requests==2.34.2
  Using cached requests-2.34.2-py3-none-any.whl (73 kB)
Collecting ml_dtypes>=0.5.0
  Using cached ml_dtypes-0.6.0-cp310-cp310-manylinux_2_27_x86_64.manylinux_2_28_x86_64.whl (412 kB)
Collecting opt_einsum
  Using cached opt_einsum-3.4.0-py3-none-any.whl (71 kB)
Collecting opt_einsum
  Using cached opt_einsum-3.4.0-py3-none-any.whl (71 kB)
Collecting opt_einsum
Collecting ml_dtypes>=0.5.0
  Using cached opt_einsum-3.4.0-py3-none-any.whl (71 kB)
  Using cached ml_dtypes-0.6.0-cp310-cp310-manylinux_2_27_x86_64.manylinux_2_28_x86_64.whl (412 kB)
Collecting opt_einsum
  Using cached opt_einsum-3.4.0-py3-none-any.whl (71 kB)
Collecting pluggy<2,>=1.5
  Using cached pluggy-1.6.0-py3-none-any.whl (20 kB)
Collecting exceptiongroup>=1
  Using cached exceptiongroup-1.3.1-py3-none-any.whl (16 kB)
Collecting ml_dtypes>=0.5.0
Collecting ml_dtypes>=0.5.0
  Using cached ml_dtypes-0.6.0-cp310-cp310-manylinux_2_27_x86_64.manylinux_2_28_x86_64.whl (412 kB)
  Using cached ml_dtypes-0.6.0-cp310-cp310-manylinux_2_27_x86_64.manylinux_2_28_x86_64.whl (412 kB)
Collecting pygments>=2.7.2
  Using cached pygments-2.21.0-py3-none-any.whl (1.3 MB)
Collecting packaging>=20
  Using cached packaging-26.3-py3-none-any.whl (129 kB)
Collecting exceptiongroup>=1
  Using cached exceptiongroup-1.3.1-py3-none-any.whl (16 kB)
Collecting exceptiongroup>=1
  Using cached exceptiongroup-1.3.1-py3-none-any.whl (16 kB)
Collecting iniconfig>=1
  Using cached iniconfig-2.3.0-py3-none-any.whl (7.5 kB)
Collecting packaging>=20
  Using cached packaging-26.3-py3-none-any.whl (129 kB)
Collecting tomli>=1
  Using cached tomli-2.4.1-py3-none-any.whl (14 kB)
Collecting iniconfig>=1
  Using cached iniconfig-2.3.0-py3-none-any.whl (7.5 kB)
Collecting packaging>=20
  Using cached packaging-26.3-py3-none-any.whl (129 kB)
Collecting iniconfig>=1
  Using cached iniconfig-2.3.0-py3-none-any.whl (7.5 kB)
Collecting tomli>=1
  Using cached tomli-2.4.1-py3-none-any.whl (14 kB)
Collecting pluggy<2,>=1.5
  Using cached pluggy-1.6.0-py3-none-any.whl (20 kB)
Collecting pygments>=2.7.2
Collecting tomli>=1
Collecting pluggy<2,>=1.5
  Using cached pygments-2.21.0-py3-none-any.whl (1.3 MB)
  Using cached tomli-2.4.1-py3-none-any.whl (14 kB)
  Using cached pluggy-1.6.0-py3-none-any.whl (20 kB)
Collecting tomli>=1
  Using cached tomli-2.4.1-py3-none-any.whl (14 kB)
Collecting pygments>=2.7.2
Collecting pygments>=2.7.2
  Using cached pygments-2.21.0-py3-none-any.whl (1.3 MB)
  Using cached pygments-2.21.0-py3-none-any.whl (1.3 MB)
Collecting iniconfig>=1
  Using cached iniconfig-2.3.0-py3-none-any.whl (7.5 kB)
Collecting pluggy<2,>=1.5
  Using cached pluggy-1.6.0-py3-none-any.whl (20 kB)
Collecting packaging>=20
  Using cached packaging-26.3-py3-none-any.whl (129 kB)
Collecting exceptiongroup>=1
  Using cached exceptiongroup-1.3.1-py3-none-any.whl (16 kB)
Collecting pyparsing>=2.3.1
  Using cached pyparsing-3.3.2-py3-none-any.whl (122 kB)
Collecting contourpy>=1.0.1
  Using cached contourpy-1.3.2-cp310-cp310-manylinux_2_17_x86_64.manylinux2014_x86_64.whl (325 kB)
Collecting contourpy>=1.0.1
  Using cached contourpy-1.3.2-cp310-cp310-manylinux_2_17_x86_64.manylinux2014_x86_64.whl (325 kB)
Collecting kiwisolver>=1.3.1
  Using cached kiwisolver-1.5.1-cp310-cp310-manylinux_2_12_x86_64.manylinux2010_x86_64.whl (1.6 MB)
Collecting kiwisolver>=1.3.1
  Using cached kiwisolver-1.5.1-cp310-cp310-manylinux_2_12_x86_64.manylinux2010_x86_64.whl (1.6 MB)
Collecting pyparsing>=2.3.1
  Using cached pyparsing-3.3.2-py3-none-any.whl (122 kB)
Collecting kiwisolver>=1.3.1
  Using cached kiwisolver-1.5.1-cp310-cp310-manylinux_2_12_x86_64.manylinux2010_x86_64.whl (1.6 MB)
Collecting kiwisolver>=1.3.1
  Using cached kiwisolver-1.5.1-cp310-cp310-manylinux_2_12_x86_64.manylinux2010_x86_64.whl (1.6 MB)
Collecting pyparsing>=2.3.1
  Using cached pyparsing-3.3.2-py3-none-any.whl (122 kB)
Collecting python-dateutil>=2.7
  Using cached python_dateutil-2.9.0.post0-py2.py3-none-any.whl (229 kB)
Collecting pillow>=8
  Using cached pillow-12.3.0-cp310-cp310-manylinux_2_27_x86_64.manylinux_2_28_x86_64.whl (6.9 MB)
Collecting fonttools>=4.22.0
  Using cached fonttools-4.65.0-cp310-cp310-manylinux2014_x86_64.manylinux_2_17_x86_64.whl (5.3 MB)
Collecting cycler>=0.10
  Using cached cycler-0.12.1-py3-none-any.whl (8.3 kB)
Collecting fonttools>=4.22.0
  Using cached fonttools-4.65.0-cp310-cp310-manylinux2014_x86_64.manylinux_2_17_x86_64.whl (5.3 MB)
Collecting python-dateutil>=2.7
  Using cached python_dateutil-2.9.0.post0-py2.py3-none-any.whl (229 kB)
Collecting cycler>=0.10
  Using cached cycler-0.12.1-py3-none-any.whl (8.3 kB)
Collecting pillow>=8
  Using cached pillow-12.3.0-cp310-cp310-manylinux_2_27_x86_64.manylinux_2_28_x86_64.whl (6.9 MB)
Collecting contourpy>=1.0.1
  Using cached contourpy-1.3.2-cp310-cp310-manylinux_2_17_x86_64.manylinux2014_x86_64.whl (325 kB)
Collecting pillow>=8
  Using cached pillow-12.3.0-cp310-cp310-manylinux_2_27_x86_64.manylinux_2_28_x86_64.whl (6.9 MB)
Collecting pillow>=8
  Using cached pillow-12.3.0-cp310-cp310-manylinux_2_27_x86_64.manylinux_2_28_x86_64.whl (6.9 MB)
Collecting pyparsing>=2.3.1
  Using cached pyparsing-3.3.2-py3-none-any.whl (122 kB)
Collecting python-dateutil>=2.7
  Using cached python_dateutil-2.9.0.post0-py2.py3-none-any.whl (229 kB)
Collecting fonttools>=4.22.0
  Using cached fonttools-4.65.0-cp310-cp310-manylinux2014_x86_64.manylinux_2_17_x86_64.whl (5.3 MB)
Collecting fonttools>=4.22.0
  Using cached fonttools-4.65.0-cp310-cp310-manylinux2014_x86_64.manylinux_2_17_x86_64.whl (5.3 MB)
Collecting contourpy>=1.0.1
  Using cached contourpy-1.3.2-cp310-cp310-manylinux_2_17_x86_64.manylinux2014_x86_64.whl (325 kB)
Collecting cycler>=0.10
  Using cached cycler-0.12.1-py3-none-any.whl (8.3 kB)
Collecting cycler>=0.10
  Using cached cycler-0.12.1-py3-none-any.whl (8.3 kB)
Collecting python-dateutil>=2.7
  Using cached python_dateutil-2.9.0.post0-py2.py3-none-any.whl (229 kB)
Collecting urllib3<3,>=1.26
Collecting urllib3<3,>=1.26
Collecting certifi>=2023.5.7
  Using cached certifi-2026.7.22-py3-none-any.whl (136 kB)
Collecting idna<4,>=2.5
  Using cached idna-3.19-py3-none-any.whl (68 kB)
Collecting idna<4,>=2.5
  Using cached idna-3.19-py3-none-any.whl (68 kB)
  Downloading urllib3-2.8.0-py3-none-any.whl (135 kB)
  Downloading urllib3-2.8.0-py3-none-any.whl (135 kB)
     ━━━━━━━━━━━━━━━━━━━━━━━━━━━━━━━━━━━━━━━ 135.7/135.7 KB 3.6 MB/s eta 0:00:00
Collecting urllib3<3,>=1.26
Collecting urllib3<3,>=1.26
     ━━━━━━━━━━━━━━━━━━━━━━━━━━━━━━━━━━━━━━━ 135.7/135.7 KB 3.5 MB/s eta 0:00:00
Collecting idna<4,>=2.5
  Using cached idna-3.19-py3-none-any.whl (68 kB)
Collecting idna<4,>=2.5
  Using cached idna-3.19-py3-none-any.whl (68 kB)
  Downloading urllib3-2.8.0-py3-none-any.whl (135 kB)
Collecting certifi>=2023.5.7
  Using cached certifi-2026.7.22-py3-none-any.whl (136 kB)
  Downloading urllib3-2.8.0-py3-none-any.whl (135 kB)
     ━━━━━━━━━━━━━━━━━━━━━━━━━━━━━━━━━━━━━━━ 135.7/135.7 KB 4.8 MB/s eta 0:00:00
     ━━━━━━━━━━━━━━━━━━━━━━━━━━━━━━━━━━━━━━━ 135.7/135.7 KB 3.8 MB/s eta 0:00:00
Collecting charset_normalizer<4,>=2
  Using cached charset_normalizer-3.5.1-cp310-cp310-manylinux2014_x86_64.manylinux_2_17_x86_64.manylinux_2_28_x86_64.whl (261 kB)
Collecting charset_normalizer<4,>=2
Collecting certifi>=2023.5.7
  Using cached certifi-2026.7.22-py3-none-any.whl (136 kB)
  Using cached charset_normalizer-3.5.1-cp310-cp310-manylinux2014_x86_64.manylinux_2_17_x86_64.manylinux_2_28_x86_64.whl (261 kB)
Collecting charset_normalizer<4,>=2
  Using cached charset_normalizer-3.5.1-cp310-cp310-manylinux2014_x86_64.manylinux_2_17_x86_64.manylinux_2_28_x86_64.whl (261 kB)
Collecting charset_normalizer<4,>=2
  Using cached charset_normalizer-3.5.1-cp310-cp310-manylinux2014_x86_64.manylinux_2_17_x86_64.manylinux_2_28_x86_64.whl (261 kB)
Collecting certifi>=2023.5.7
  Using cached certifi-2026.7.22-py3-none-any.whl (136 kB)
Collecting typing-extensions>=4.6.0
  Using cached typing_extensions-4.16.0-py3-none-any.whl (45 kB)
Collecting typing-extensions>=4.6.0
  Using cached typing_extensions-4.16.0-py3-none-any.whl (45 kB)
Collecting typing-extensions>=4.6.0
  Using cached typing_extensions-4.16.0-py3-none-any.whl (45 kB)
Collecting typing-extensions>=4.6.0
  Using cached typing_extensions-4.16.0-py3-none-any.whl (45 kB)
Collecting six>=1.5
  Using cached six-1.17.0-py2.py3-none-any.whl (11 kB)
Collecting six>=1.5
  Using cached six-1.17.0-py2.py3-none-any.whl (11 kB)
Collecting six>=1.5
  Using cached six-1.17.0-py2.py3-none-any.whl (11 kB)
Collecting six>=1.5
  Using cached six-1.17.0-py2.py3-none-any.whl (11 kB)
Installing collected packages: libtpu, urllib3, typing-extensions, tomli, six, pyparsing, pygments, pluggy, pillow, packaging, opt_einsum, numpy, kiwisolver, iniconfig, idna, fonttools, cycler, charset_normalizer, certifi, scipy, requests, python-dateutil, ml_dtypes, exceptiongroup, contourpy, pytest, matplotlib, jaxlib, jax
Installing collected packages: libtpu, urllib3, typing-extensions, tomli, six, pyparsing, pygments, pluggy, pillow, packaging, opt_einsum, numpy, kiwisolver, iniconfig, idna, fonttools, cycler, charset_normalizer, certifi, scipy, requests, python-dateutil, ml_dtypes, exceptiongroup, contourpy, pytest, matplotlib, jaxlib, jax
Installing collected packages: libtpu, urllib3, typing-extensions, tomli, six, pyparsing, pygments, pluggy, pillow, packaging, opt_einsum, numpy, kiwisolver, iniconfig, idna, fonttools, cycler, charset_normalizer, certifi, scipy, requests, python-dateutil, ml_dtypes, exceptiongroup, contourpy, pytest, matplotlib, jaxlib, jax
Installing collected packages: libtpu, urllib3, typing-extensions, tomli, six, pyparsing, pygments, pluggy, pillow, packaging, opt_einsum, numpy, kiwisolver, iniconfig, idna, fonttools, cycler, charset_normalizer, certifi, scipy, requests, python-dateutil, ml_dtypes, exceptiongroup, contourpy, pytest, matplotlib, jaxlib, jax
Successfully installed certifi-2026.7.22 charset_normalizer-3.5.1 contourpy-1.3.2 cycler-0.12.1 exceptiongroup-1.3.1 fonttools-4.65.0 idna-3.19 iniconfig-2.3.0 jax-0.6.2 jaxlib-0.6.2 kiwisolver-1.5.1 libtpu-0.0.17 matplotlib-3.10.6 ml_dtypes-0.6.0 numpy-2.2.6 opt_einsum-3.4.0 packaging-26.3 pillow-12.3.0 pluggy-1.6.0 pygments-2.21.0 pyparsing-3.3.2 pytest-8.4.2 python-dateutil-2.9.0.post0 requests-2.34.2 scipy-1.15.3 six-1.17.0 tomli-2.4.1 typing-extensions-4.16.0 urllib3-2.8.0
Successfully installed certifi-2026.7.22 charset_normalizer-3.5.1 contourpy-1.3.2 cycler-0.12.1 exceptiongroup-1.3.1 fonttools-4.65.0 idna-3.19 iniconfig-2.3.0 jax-0.6.2 jaxlib-0.6.2 kiwisolver-1.5.1 libtpu-0.0.17 matplotlib-3.10.6 ml_dtypes-0.6.0 numpy-2.2.6 opt_einsum-3.4.0 packaging-26.3 pillow-12.3.0 pluggy-1.6.0 pygments-2.21.0 pyparsing-3.3.2 pytest-8.4.2 python-dateutil-2.9.0.post0 requests-2.34.2 scipy-1.15.3 six-1.17.0 tomli-2.4.1 typing-extensions-4.16.0 urllib3-2.8.0
Successfully installed certifi-2026.7.22 charset_normalizer-3.5.1 contourpy-1.3.2 cycler-0.12.1 exceptiongroup-1.3.1 fonttools-4.65.0 idna-3.19 iniconfig-2.3.0 jax-0.6.2 jaxlib-0.6.2 kiwisolver-1.5.1 libtpu-0.0.17 matplotlib-3.10.6 ml_dtypes-0.6.0 numpy-2.2.6 opt_einsum-3.4.0 packaging-26.3 pillow-12.3.0 pluggy-1.6.0 pygments-2.21.0 pyparsing-3.3.2 pytest-8.4.2 python-dateutil-2.9.0.post0 requests-2.34.2 scipy-1.15.3 six-1.17.0 tomli-2.4.1 typing-extensions-4.16.0 urllib3-2.8.0
Successfully installed certifi-2026.7.22 charset_normalizer-3.5.1 contourpy-1.3.2 cycler-0.12.1 exceptiongroup-1.3.1 fonttools-4.65.0 idna-3.19 iniconfig-2.3.0 jax-0.6.2 jaxlib-0.6.2 kiwisolver-1.5.1 libtpu-0.0.17 matplotlib-3.10.6 ml_dtypes-0.6.0 numpy-2.2.6 opt_einsum-3.4.0 packaging-26.3 pillow-12.3.0 pluggy-1.6.0 pygments-2.21.0 pyparsing-3.3.2 pytest-8.4.2 python-dateutil-2.9.0.post0 requests-2.34.2 scipy-1.15.3 six-1.17.0 tomli-2.4.1 typing-extensions-4.16.0 urllib3-2.8.0
Using ssh batch size of 1. Attempting to SSH into 1 nodes with a total of 4 workers.
SSH: Attempting to connect to worker 0...
SSH: Attempting to connect to worker 1...
SSH: Attempting to connect to worker 2...
SSH: Attempting to connect to worker 3...
...............................................................................................................                                        [100%].......                                        [100%]....
33 passed in 4.59s

33 passed in 4.64s
......                                        [100%]....                                        [100%]
33 passed in 5.03s

33 passed in 5.03s
Using ssh batch size of 1. Attempting to SSH into 1 nodes with a total of 4 workers.
SSH: Attempting to connect to worker 0...
SSH: Attempting to connect to worker 1...
SSH: Attempting to connect to worker 2...
SSH: Attempting to connect to worker 3...
Traceback (most recent call last):
  File "/tmp/algebraic-phase1-8b9982a88a8d-20260916T034105Z/scripts/run_phase1_tpu.py", line 176, in <module>
    raise SystemExit(main())
  File "/tmp/algebraic-phase1-8b9982a88a8d-20260916T034105Z/scripts/run_phase1_tpu.py", line 146, in main
Traceback (most recent call last):
  File "/tmp/algebraic-phase1-8b9982a88a8d-20260916T034105Z/scripts/run_phase1_tpu.py", line 176, in <module>
    raise SystemExit(main())
  File "/tmp/algebraic-phase1-8b9982a88a8d-20260916T034105Z/scripts/run_phase1_tpu.py", line 146, in main
    mesh=Mesh(mesh_utils.create_device_mesh((2,2,4),devices), ("data","fsdp","model"))
  File "/tmp/algebraic-phase1-8b9982a88a8d-20260916T034105Z/venv/lib/python3.10/site-packages/jax/_src/mesh_utils.py", line 781, in create_device_mesh
    device_mesh, _ = _create_device_mesh_for_nd_torus(
  File "/tmp/algebraic-phase1-8b9982a88a8d-20260916T034105Z/venv/lib/python3.10/site-packages/jax/_src/mesh_utils.py", line 289, in _create_device_mesh_for_nd_torus
    raise NotImplementedError(
NotImplementedError: Failed to find assignment for logical_axis_index 1 of size 2 with remaining assignable mesh [0, 0, 4]. The size of each axis in your logical mesh must be equal to the product of some subset of the physical mesh axis sizes. E.g. logical mesh (4, 16) is compatible with physical mesh 4x4x4 since 4=4 and 16=4x4. If you want to split physical axes, set  allow_split_physical_axes to True.
    mesh=Mesh(mesh_utils.create_device_mesh((2,2,4),devices), ("data","fsdp","model"))
  File "/tmp/algebraic-phase1-8b9982a88a8d-20260916T034105Z/venv/lib/python3.10/site-packages/jax/_src/mesh_utils.py", line 781, in create_device_mesh
    device_mesh, _ = _create_device_mesh_for_nd_torus(
  File "/tmp/algebraic-phase1-8b9982a88a8d-20260916T034105Z/venv/lib/python3.10/site-packages/jax/_src/mesh_utils.py", line 289, in _create_device_mesh_for_nd_torus
    raise NotImplementedError(
NotImplementedError: Failed to find assignment for logical_axis_index 1 of size 2 with remaining assignable mesh [0, 0, 4]. The size of each axis in your logical mesh must be equal to the product of some subset of the physical mesh axis sizes. E.g. logical mesh (4, 16) is compatible with physical mesh 4x4x4 since 4=4 and 16=4x4. If you want to split physical axes, set  allow_split_physical_axes to True.
Traceback (most recent call last):
  File "/tmp/algebraic-phase1-8b9982a88a8d-20260916T034105Z/scripts/run_phase1_tpu.py", line 176, in <module>
    raise SystemExit(main())
  File "/tmp/algebraic-phase1-8b9982a88a8d-20260916T034105Z/scripts/run_phase1_tpu.py", line 146, in main
    mesh=Mesh(mesh_utils.create_device_mesh((2,2,4),devices), ("data","fsdp","model"))
  File "/tmp/algebraic-phase1-8b9982a88a8d-20260916T034105Z/venv/lib/python3.10/site-packages/jax/_src/mesh_utils.py", line 781, in create_device_mesh
    device_mesh, _ = _create_device_mesh_for_nd_torus(
  File "/tmp/algebraic-phase1-8b9982a88a8d-20260916T034105Z/venv/lib/python3.10/site-packages/jax/_src/mesh_utils.py", line 289, in _create_device_mesh_for_nd_torus
    raise NotImplementedError(
Traceback (most recent call last):
  File "/tmp/algebraic-phase1-8b9982a88a8d-20260916T034105Z/scripts/run_phase1_tpu.py", line 176, in <module>
NotImplementedError: Failed to find assignment for logical_axis_index 1 of size 2 with remaining assignable mesh [0, 0, 4]. The size of each axis in your logical mesh must be equal to the product of some subset of the physical mesh axis sizes. E.g. logical mesh (4, 16) is compatible with physical mesh 4x4x4 since 4=4 and 16=4x4. If you want to split physical axes, set  allow_split_physical_axes to True.
    raise SystemExit(main())
  File "/tmp/algebraic-phase1-8b9982a88a8d-20260916T034105Z/scripts/run_phase1_tpu.py", line 146, in main
    mesh=Mesh(mesh_utils.create_device_mesh((2,2,4),devices), ("data","fsdp","model"))
  File "/tmp/algebraic-phase1-8b9982a88a8d-20260916T034105Z/venv/lib/python3.10/site-packages/jax/_src/mesh_utils.py", line 781, in create_device_mesh
    device_mesh, _ = _create_device_mesh_for_nd_torus(
  File "/tmp/algebraic-phase1-8b9982a88a8d-20260916T034105Z/venv/lib/python3.10/site-packages/jax/_src/mesh_utils.py", line 289, in _create_device_mesh_for_nd_torus
    raise NotImplementedError(
NotImplementedError: Failed to find assignment for logical_axis_index 1 of size 2 with remaining assignable mesh [0, 0, 4]. The size of each axis in your logical mesh must be equal to the product of some subset of the physical mesh axis sizes. E.g. logical mesh (4, 16) is compatible with physical mesh 4x4x4 since 4=4 and 16=4x4. If you want to split physical axes, set  allow_split_physical_axes to True.
##### Command execution on worker 3 failed with exit status 1. Continuing.
##### Command execution on worker 2 failed with exit status 1. Continuing.
##### Command execution on worker 1 failed with exit status 1. Continuing.
##### Command execution on worker 0 failed with exit status 1. Continuing.
Using scp batch size of 1.Attempting to SCP into 1 nodes with a total of 1 workers.
SCP: Attempting to connect to worker 0...
Traceback (most recent call last):
  File "/home/tas_ken_rt25/algebraic-intelligence/scripts/launch_phase1_tpu.py", line 77, in <module>
    raise SystemExit(main())
  File "/home/tas_ken_rt25/algebraic-intelligence/scripts/launch_phase1_tpu.py", line 62, in main
    ssh(f"cd {quote(remote)} && PYTHONUNBUFFERED=1 venv/bin/python scripts/run_phase1_tpu.py", "run.log")
  File "/home/tas_ken_rt25/algebraic-intelligence/scripts/launch_phase1_tpu.py", line 35, in ssh
    run(["gcloud","compute","tpus","tpu-vm","ssh",args.name,"--zone",args.zone,
  File "/home/tas_ken_rt25/algebraic-intelligence/scripts/launch_phase1_tpu.py", line 33, in run
    raise RuntimeError(f"Command failed with exit {code}; see {out/log}")
RuntimeError: Command failed with exit 1; see /home/tas_ken_rt25/algebraic-intelligence/results/phase1/tpu/run.log
