Using ssh batch size of 1. Attempting to SSH into 1 nodes with a total of 4 workers.
SSH: Attempting to connect to worker 0...
SSH: Attempting to connect to worker 1...
SSH: Attempting to connect to worker 2...
SSH: Attempting to connect to worker 3...
Collecting jax==0.6.2
  Using cached jax-0.6.2-py3-none-any.whl (2.7 MB)
Collecting jax==0.6.2
  Using cached jax-0.6.2-py3-none-any.whl (2.7 MB)
Collecting jax==0.6.2
  Using cached jax-0.6.2-py3-none-any.whl (2.7 MB)
Collecting jax==0.6.2
  Using cached jax-0.6.2-py3-none-any.whl (2.7 MB)
Collecting jaxlib==0.6.2
Collecting jaxlib==0.6.2
Collecting jaxlib==0.6.2
Collecting jaxlib==0.6.2
  Using cached jaxlib-0.6.2-cp310-cp310-manylinux2014_x86_64.whl (89.9 MB)
  Using cached jaxlib-0.6.2-cp310-cp310-manylinux2014_x86_64.whl (89.9 MB)
  Using cached jaxlib-0.6.2-cp310-cp310-manylinux2014_x86_64.whl (89.9 MB)
  Using cached jaxlib-0.6.2-cp310-cp310-manylinux2014_x86_64.whl (89.9 MB)
Collecting numpy==2.2.6
  Using cached numpy-2.2.6-cp310-cp310-manylinux_2_17_x86_64.manylinux2014_x86_64.whl (16.8 MB)
Collecting numpy==2.2.6
  Using cached numpy-2.2.6-cp310-cp310-manylinux_2_17_x86_64.manylinux2014_x86_64.whl (16.8 MB)
Collecting numpy==2.2.6
  Using cached numpy-2.2.6-cp310-cp310-manylinux_2_17_x86_64.manylinux2014_x86_64.whl (16.8 MB)
Collecting numpy==2.2.6
  Using cached numpy-2.2.6-cp310-cp310-manylinux_2_17_x86_64.manylinux2014_x86_64.whl (16.8 MB)
Collecting pytest==8.4.2
  Using cached pytest-8.4.2-py3-none-any.whl (365 kB)
Collecting pytest==8.4.2
  Using cached pytest-8.4.2-py3-none-any.whl (365 kB)
Collecting pytest==8.4.2
  Using cached pytest-8.4.2-py3-none-any.whl (365 kB)
Collecting pytest==8.4.2
  Using cached pytest-8.4.2-py3-none-any.whl (365 kB)
Collecting matplotlib==3.10.6
  Using cached matplotlib-3.10.6-cp310-cp310-manylinux2014_x86_64.manylinux_2_17_x86_64.whl (8.7 MB)
Collecting matplotlib==3.10.6
  Using cached matplotlib-3.10.6-cp310-cp310-manylinux2014_x86_64.manylinux_2_17_x86_64.whl (8.7 MB)
Collecting matplotlib==3.10.6
  Using cached matplotlib-3.10.6-cp310-cp310-manylinux2014_x86_64.manylinux_2_17_x86_64.whl (8.7 MB)
Collecting matplotlib==3.10.6
  Using cached matplotlib-3.10.6-cp310-cp310-manylinux2014_x86_64.manylinux_2_17_x86_64.whl (8.7 MB)
Collecting scipy==1.15.3
Collecting scipy==1.15.3
  Using cached scipy-1.15.3-cp310-cp310-manylinux_2_17_x86_64.manylinux2014_x86_64.whl (37.7 MB)
  Using cached scipy-1.15.3-cp310-cp310-manylinux_2_17_x86_64.manylinux2014_x86_64.whl (37.7 MB)
Collecting scipy==1.15.3
  Using cached scipy-1.15.3-cp310-cp310-manylinux_2_17_x86_64.manylinux2014_x86_64.whl (37.7 MB)
Collecting scipy==1.15.3
  Using cached scipy-1.15.3-cp310-cp310-manylinux_2_17_x86_64.manylinux2014_x86_64.whl (37.7 MB)
Collecting libtpu==0.0.17
Collecting libtpu==0.0.17
Collecting libtpu==0.0.17
Collecting libtpu==0.0.17
  Using cached libtpu-0.0.17-py3-none-manylinux_2_31_x86_64.whl (135.2 MB)
  Using cached libtpu-0.0.17-py3-none-manylinux_2_31_x86_64.whl (135.2 MB)
  Using cached libtpu-0.0.17-py3-none-manylinux_2_31_x86_64.whl (135.2 MB)
  Using cached libtpu-0.0.17-py3-none-manylinux_2_31_x86_64.whl (135.2 MB)
Collecting requests==2.34.2
  Using cached requests-2.34.2-py3-none-any.whl (73 kB)
Collecting requests==2.34.2
  Using cached requests-2.34.2-py3-none-any.whl (73 kB)
Collecting opt_einsum
  Using cached opt_einsum-3.4.0-py3-none-any.whl (71 kB)
Collecting requests==2.34.2
  Using cached requests-2.34.2-py3-none-any.whl (73 kB)
Collecting requests==2.34.2
  Using cached requests-2.34.2-py3-none-any.whl (73 kB)
Collecting ml_dtypes>=0.5.0
  Using cached ml_dtypes-0.6.0-cp310-cp310-manylinux_2_27_x86_64.manylinux_2_28_x86_64.whl (412 kB)
Collecting opt_einsum
  Using cached opt_einsum-3.4.0-py3-none-any.whl (71 kB)
Collecting ml_dtypes>=0.5.0
  Using cached ml_dtypes-0.6.0-cp310-cp310-manylinux_2_27_x86_64.manylinux_2_28_x86_64.whl (412 kB)
Collecting iniconfig>=1
  Using cached iniconfig-2.3.0-py3-none-any.whl (7.5 kB)
Collecting ml_dtypes>=0.5.0
  Using cached ml_dtypes-0.6.0-cp310-cp310-manylinux_2_27_x86_64.manylinux_2_28_x86_64.whl (412 kB)
Collecting tomli>=1
  Using cached tomli-2.4.1-py3-none-any.whl (14 kB)
Collecting ml_dtypes>=0.5.0
  Using cached ml_dtypes-0.6.0-cp310-cp310-manylinux_2_27_x86_64.manylinux_2_28_x86_64.whl (412 kB)
Collecting opt_einsum
  Using cached opt_einsum-3.4.0-py3-none-any.whl (71 kB)
Collecting opt_einsum
  Using cached opt_einsum-3.4.0-py3-none-any.whl (71 kB)
Collecting pluggy<2,>=1.5
  Using cached pluggy-1.6.0-py3-none-any.whl (20 kB)
Collecting tomli>=1
  Using cached tomli-2.4.1-py3-none-any.whl (14 kB)
Collecting iniconfig>=1
  Using cached iniconfig-2.3.0-py3-none-any.whl (7.5 kB)
Collecting pluggy<2,>=1.5
  Using cached pluggy-1.6.0-py3-none-any.whl (20 kB)
Collecting pluggy<2,>=1.5
  Using cached pluggy-1.6.0-py3-none-any.whl (20 kB)
Collecting pygments>=2.7.2
Collecting exceptiongroup>=1
  Using cached exceptiongroup-1.3.1-py3-none-any.whl (16 kB)
  Using cached pygments-2.21.0-py3-none-any.whl (1.3 MB)
Collecting exceptiongroup>=1
  Using cached exceptiongroup-1.3.1-py3-none-any.whl (16 kB)
Collecting pluggy<2,>=1.5
  Using cached pluggy-1.6.0-py3-none-any.whl (20 kB)
Collecting packaging>=20
  Using cached packaging-26.3-py3-none-any.whl (129 kB)
Collecting tomli>=1
  Using cached tomli-2.4.1-py3-none-any.whl (14 kB)
Collecting packaging>=20
  Using cached packaging-26.3-py3-none-any.whl (129 kB)
Collecting exceptiongroup>=1
  Using cached exceptiongroup-1.3.1-py3-none-any.whl (16 kB)
Collecting exceptiongroup>=1
  Using cached exceptiongroup-1.3.1-py3-none-any.whl (16 kB)
Collecting pygments>=2.7.2
Collecting iniconfig>=1
  Using cached iniconfig-2.3.0-py3-none-any.whl (7.5 kB)
  Using cached pygments-2.21.0-py3-none-any.whl (1.3 MB)
Collecting pygments>=2.7.2
  Using cached pygments-2.21.0-py3-none-any.whl (1.3 MB)
Collecting packaging>=20
Collecting pygments>=2.7.2
  Using cached packaging-26.3-py3-none-any.whl (129 kB)
  Using cached pygments-2.21.0-py3-none-any.whl (1.3 MB)
Collecting python-dateutil>=2.7
  Using cached python_dateutil-2.9.0.post0-py2.py3-none-any.whl (229 kB)
Collecting pyparsing>=2.3.1
  Using cached pyparsing-3.3.2-py3-none-any.whl (122 kB)
Collecting packaging>=20
  Using cached packaging-26.3-py3-none-any.whl (129 kB)
Collecting tomli>=1
  Using cached tomli-2.4.1-py3-none-any.whl (14 kB)
Collecting iniconfig>=1
  Using cached iniconfig-2.3.0-py3-none-any.whl (7.5 kB)
Collecting contourpy>=1.0.1
  Using cached contourpy-1.3.2-cp310-cp310-manylinux_2_17_x86_64.manylinux2014_x86_64.whl (325 kB)
Collecting contourpy>=1.0.1
  Using cached contourpy-1.3.2-cp310-cp310-manylinux_2_17_x86_64.manylinux2014_x86_64.whl (325 kB)
Collecting kiwisolver>=1.3.1
  Using cached kiwisolver-1.5.1-cp310-cp310-manylinux_2_12_x86_64.manylinux2010_x86_64.whl (1.6 MB)
Collecting kiwisolver>=1.3.1
  Using cached kiwisolver-1.5.1-cp310-cp310-manylinux_2_12_x86_64.manylinux2010_x86_64.whl (1.6 MB)
Collecting contourpy>=1.0.1
  Using cached contourpy-1.3.2-cp310-cp310-manylinux_2_17_x86_64.manylinux2014_x86_64.whl (325 kB)
Collecting python-dateutil>=2.7
  Using cached python_dateutil-2.9.0.post0-py2.py3-none-any.whl (229 kB)
Collecting cycler>=0.10
  Using cached cycler-0.12.1-py3-none-any.whl (8.3 kB)
Collecting python-dateutil>=2.7
  Using cached python_dateutil-2.9.0.post0-py2.py3-none-any.whl (229 kB)
Collecting pillow>=8
  Using cached pillow-12.3.0-cp310-cp310-manylinux_2_27_x86_64.manylinux_2_28_x86_64.whl (6.9 MB)
Collecting cycler>=0.10
  Using cached cycler-0.12.1-py3-none-any.whl (8.3 kB)
Collecting fonttools>=4.22.0
  Using cached fonttools-4.65.0-cp310-cp310-manylinux2014_x86_64.manylinux_2_17_x86_64.whl (5.3 MB)
Collecting contourpy>=1.0.1
  Using cached contourpy-1.3.2-cp310-cp310-manylinux_2_17_x86_64.manylinux2014_x86_64.whl (325 kB)
Collecting pillow>=8
Collecting pillow>=8
  Using cached pillow-12.3.0-cp310-cp310-manylinux_2_27_x86_64.manylinux_2_28_x86_64.whl (6.9 MB)
  Using cached pillow-12.3.0-cp310-cp310-manylinux_2_27_x86_64.manylinux_2_28_x86_64.whl (6.9 MB)
Collecting cycler>=0.10
  Using cached cycler-0.12.1-py3-none-any.whl (8.3 kB)
Collecting pyparsing>=2.3.1
  Using cached pyparsing-3.3.2-py3-none-any.whl (122 kB)
Collecting pillow>=8
  Using cached pillow-12.3.0-cp310-cp310-manylinux_2_27_x86_64.manylinux_2_28_x86_64.whl (6.9 MB)
Collecting fonttools>=4.22.0
  Using cached fonttools-4.65.0-cp310-cp310-manylinux2014_x86_64.manylinux_2_17_x86_64.whl (5.3 MB)
Collecting pyparsing>=2.3.1
  Using cached pyparsing-3.3.2-py3-none-any.whl (122 kB)
Collecting python-dateutil>=2.7
  Using cached python_dateutil-2.9.0.post0-py2.py3-none-any.whl (229 kB)
Collecting fonttools>=4.22.0
  Using cached fonttools-4.65.0-cp310-cp310-manylinux2014_x86_64.manylinux_2_17_x86_64.whl (5.3 MB)
Collecting kiwisolver>=1.3.1
  Using cached kiwisolver-1.5.1-cp310-cp310-manylinux_2_12_x86_64.manylinux2010_x86_64.whl (1.6 MB)
Collecting cycler>=0.10
Collecting kiwisolver>=1.3.1
  Using cached cycler-0.12.1-py3-none-any.whl (8.3 kB)
  Using cached kiwisolver-1.5.1-cp310-cp310-manylinux_2_12_x86_64.manylinux2010_x86_64.whl (1.6 MB)
Collecting fonttools>=4.22.0
  Using cached fonttools-4.65.0-cp310-cp310-manylinux2014_x86_64.manylinux_2_17_x86_64.whl (5.3 MB)
Collecting certifi>=2023.5.7
  Using cached certifi-2026.7.22-py3-none-any.whl (136 kB)
Collecting pyparsing>=2.3.1
  Using cached pyparsing-3.3.2-py3-none-any.whl (122 kB)
Collecting certifi>=2023.5.7
  Using cached certifi-2026.7.22-py3-none-any.whl (136 kB)
Collecting idna<4,>=2.5
  Using cached idna-3.20-py3-none-any.whl (69 kB)
Collecting urllib3<3,>=1.26
  Using cached urllib3-2.8.0-py3-none-any.whl (135 kB)
Collecting certifi>=2023.5.7
  Using cached certifi-2026.7.22-py3-none-any.whl (136 kB)
Collecting urllib3<3,>=1.26
  Using cached urllib3-2.8.0-py3-none-any.whl (135 kB)
Collecting idna<4,>=2.5
  Using cached idna-3.20-py3-none-any.whl (69 kB)
Collecting certifi>=2023.5.7
  Using cached certifi-2026.7.22-py3-none-any.whl (136 kB)
Collecting charset_normalizer<4,>=2
Collecting charset_normalizer<4,>=2
  Using cached charset_normalizer-3.5.1-cp310-cp310-manylinux2014_x86_64.manylinux_2_17_x86_64.manylinux_2_28_x86_64.whl (261 kB)
  Using cached charset_normalizer-3.5.1-cp310-cp310-manylinux2014_x86_64.manylinux_2_17_x86_64.manylinux_2_28_x86_64.whl (261 kB)
Collecting charset_normalizer<4,>=2
  Using cached charset_normalizer-3.5.1-cp310-cp310-manylinux2014_x86_64.manylinux_2_17_x86_64.manylinux_2_28_x86_64.whl (261 kB)
Collecting idna<4,>=2.5
  Using cached idna-3.20-py3-none-any.whl (69 kB)
Collecting idna<4,>=2.5
  Using cached idna-3.20-py3-none-any.whl (69 kB)
Collecting urllib3<3,>=1.26
  Using cached urllib3-2.8.0-py3-none-any.whl (135 kB)
Collecting urllib3<3,>=1.26
  Using cached urllib3-2.8.0-py3-none-any.whl (135 kB)
Collecting typing-extensions>=4.6.0
  Using cached typing_extensions-4.16.0-py3-none-any.whl (45 kB)
Collecting charset_normalizer<4,>=2
  Using cached charset_normalizer-3.5.1-cp310-cp310-manylinux2014_x86_64.manylinux_2_17_x86_64.manylinux_2_28_x86_64.whl (261 kB)
Collecting typing-extensions>=4.6.0
  Using cached typing_extensions-4.16.0-py3-none-any.whl (45 kB)
Collecting typing-extensions>=4.6.0
  Using cached typing_extensions-4.16.0-py3-none-any.whl (45 kB)
Collecting typing-extensions>=4.6.0
  Using cached typing_extensions-4.16.0-py3-none-any.whl (45 kB)
Collecting six>=1.5
  Using cached six-1.17.0-py2.py3-none-any.whl (11 kB)
Collecting six>=1.5
  Using cached six-1.17.0-py2.py3-none-any.whl (11 kB)
Collecting six>=1.5
  Using cached six-1.17.0-py2.py3-none-any.whl (11 kB)
Collecting six>=1.5
  Using cached six-1.17.0-py2.py3-none-any.whl (11 kB)
Installing collected packages: libtpu, urllib3, typing-extensions, tomli, six, pyparsing, pygments, pluggy, pillow, packaging, opt_einsum, numpy, kiwisolver, iniconfig, idna, fonttools, cycler, charset_normalizer, certifi, scipy, requests, python-dateutil, ml_dtypes, exceptiongroup, contourpy, pytest, matplotlib, jaxlib, jax
Installing collected packages: libtpu, urllib3, typing-extensions, tomli, six, pyparsing, pygments, pluggy, pillow, packaging, opt_einsum, numpy, kiwisolver, iniconfig, idna, fonttools, cycler, charset_normalizer, certifi, scipy, requests, python-dateutil, ml_dtypes, exceptiongroup, contourpy, pytest, matplotlib, jaxlib, jax
Installing collected packages: libtpu, urllib3, typing-extensions, tomli, six, pyparsing, pygments, pluggy, pillow, packaging, opt_einsum, numpy, kiwisolver, iniconfig, idna, fonttools, cycler, charset_normalizer, certifi, scipy, requests, python-dateutil, ml_dtypes, exceptiongroup, contourpy, pytest, matplotlib, jaxlib, jax
Installing collected packages: libtpu, urllib3, typing-extensions, tomli, six, pyparsing, pygments, pluggy, pillow, packaging, opt_einsum, numpy, kiwisolver, iniconfig, idna, fonttools, cycler, charset_normalizer, certifi, scipy, requests, python-dateutil, ml_dtypes, exceptiongroup, contourpy, pytest, matplotlib, jaxlib, jax
Successfully installed certifi-2026.7.22 charset_normalizer-3.5.1 contourpy-1.3.2 cycler-0.12.1 exceptiongroup-1.3.1 fonttools-4.65.0 idna-3.20 iniconfig-2.3.0 jax-0.6.2 jaxlib-0.6.2 kiwisolver-1.5.1 libtpu-0.0.17 matplotlib-3.10.6 ml_dtypes-0.6.0 numpy-2.2.6 opt_einsum-3.4.0 packaging-26.3 pillow-12.3.0 pluggy-1.6.0 pygments-2.21.0 pyparsing-3.3.2 pytest-8.4.2 python-dateutil-2.9.0.post0 requests-2.34.2 scipy-1.15.3 six-1.17.0 tomli-2.4.1 typing-extensions-4.16.0 urllib3-2.8.0
Successfully installed certifi-2026.7.22 charset_normalizer-3.5.1 contourpy-1.3.2 cycler-0.12.1 exceptiongroup-1.3.1 fonttools-4.65.0 idna-3.20 iniconfig-2.3.0 jax-0.6.2 jaxlib-0.6.2 kiwisolver-1.5.1 libtpu-0.0.17 matplotlib-3.10.6 ml_dtypes-0.6.0 numpy-2.2.6 opt_einsum-3.4.0 packaging-26.3 pillow-12.3.0 pluggy-1.6.0 pygments-2.21.0 pyparsing-3.3.2 pytest-8.4.2 python-dateutil-2.9.0.post0 requests-2.34.2 scipy-1.15.3 six-1.17.0 tomli-2.4.1 typing-extensions-4.16.0 urllib3-2.8.0
Successfully installed certifi-2026.7.22 charset_normalizer-3.5.1 contourpy-1.3.2 cycler-0.12.1 exceptiongroup-1.3.1 fonttools-4.65.0 idna-3.20 iniconfig-2.3.0 jax-0.6.2 jaxlib-0.6.2 kiwisolver-1.5.1 libtpu-0.0.17 matplotlib-3.10.6 ml_dtypes-0.6.0 numpy-2.2.6 opt_einsum-3.4.0 packaging-26.3 pillow-12.3.0 pluggy-1.6.0 pygments-2.21.0 pyparsing-3.3.2 pytest-8.4.2 python-dateutil-2.9.0.post0 requests-2.34.2 scipy-1.15.3 six-1.17.0 tomli-2.4.1 typing-extensions-4.16.0 urllib3-2.8.0
Successfully installed certifi-2026.7.22 charset_normalizer-3.5.1 contourpy-1.3.2 cycler-0.12.1 exceptiongroup-1.3.1 fonttools-4.65.0 idna-3.20 iniconfig-2.3.0 jax-0.6.2 jaxlib-0.6.2 kiwisolver-1.5.1 libtpu-0.0.17 matplotlib-3.10.6 ml_dtypes-0.6.0 numpy-2.2.6 opt_einsum-3.4.0 packaging-26.3 pillow-12.3.0 pluggy-1.6.0 pygments-2.21.0 pyparsing-3.3.2 pytest-8.4.2 python-dateutil-2.9.0.post0 requests-2.34.2 scipy-1.15.3 six-1.17.0 tomli-2.4.1 typing-extensions-4.16.0 urllib3-2.8.0
