SSH key found in project metadata; not updating instance.
SSH: Attempting to connect to worker 0...
SSH: Attempting to connect to worker 1...
SSH: Attempting to connect to worker 2...
SSH: Attempting to connect to worker 3...
Hardware: 16 devices across 4 processes. Platform: tpu
AST Zero-Transcendental Audit: PASS
Distributed Mesh Topology: OrderedDict([('data', 2), ('fsdp', 2), ('model', 4)])

==================== Starting Pretraining: StandardTransformerLM (100000 steps) ====================
Traceback (most recent call last):
  File "/tmp/algebraic-phase7-6af306ae88aa-20260923T110935Z/scripts/run_pilot_15m.py", line 460, in <module>
    raise SystemExit(main())
  File "/tmp/algebraic-phase7-6af306ae88aa-20260923T110935Z/scripts/run_pilot_15m.py", line 318, in main
    base_res = run_training_arm(
  File "/tmp/algebraic-phase7-6af306ae88aa-20260923T110935Z/scripts/run_pilot_15m.py", line 100, in run_training_arm
    warmup_params, warmup_opt_state, _ = jitted_step(
  File "/tmp/algebraic-phase7-6af306ae88aa-20260923T110935Z/scripts/phase7_experiments.py", line 127, in step_fn
    (loss, aux), raw_grads = jax.value_and_grad(loss_fn, has_aux=True)(params)
  File "/tmp/algebraic-phase7-6af306ae88aa-20260923T110935Z/scripts/phase7_experiments.py", line 124, in loss_fn
    loss_val, aux = model.loss(p, tokens, targets, cos_angles=cos_angles, sin_angles=sin_angles)
  File "/tmp/algebraic-phase7-6af306ae88aa-20260923T110935Z/src/baseline.py", line 270, in loss
    hidden = self._hidden(params, tokens, cos_angles, sin_angles)
  File "/tmp/algebraic-phase7-6af306ae88aa-20260923T110935Z/src/baseline.py", line 204, in _hidden
    x = layer_fn(x, layer, cos_angles, sin_angles)
  File "/tmp/algebraic-phase7-6af306ae88aa-20260923T110935Z/src/baseline.py", line 108, in _baseline_layer_forward
    attn_out = standard_flash_attention(
  File "/tmp/algebraic-phase7-6af306ae88aa-20260923T110935Z/src/kernels/pallas_flash_attention.py", line 292, in standard_flash_attention
    return flash_attention(
  File "/tmp/algebraic-phase7-6af306ae88aa-20260923T110935Z/venv/lib/python3.10/site-packages/jax/experimental/pallas/ops/tpu/flash_attention.py", line 199, in flash_attention
    return _flash_attention(
jax._src.source_info_util.JaxStackTraceBeforeTransformation: NotImplementedError: Mosaic kernels cannot be automatically partitioned. Please wrap the call in a shard_map.

The preceding stack trace is the source of the JAX operation that, once transformed by JAX, triggered the following exception.

--------------------

The above exception was the direct cause of the following exception:

jax.errors.SimplifiedTraceback: For simplicity, JAX has removed its internal frames from the traceback of the following exception. Set JAX_TRACEBACK_FILTERING=off to include these.

The above exception was the direct cause of the following exception:

Traceback (most recent call last):
  File "/tmp/algebraic-phase7-6af306ae88aa-20260923T110935Z/scripts/run_pilot_15m.py", line 460, in <module>
    raise SystemExit(main())
  File "/tmp/algebraic-phase7-6af306ae88aa-20260923T110935Z/scripts/run_pilot_15m.py", line 318, in main
    base_res = run_training_arm(
  File "/tmp/algebraic-phase7-6af306ae88aa-20260923T110935Z/scripts/run_pilot_15m.py", line 100, in run_training_arm
    warmup_params, warmup_opt_state, _ = jitted_step(
  File "/tmp/algebraic-phase7-6af306ae88aa-20260923T110935Z/venv/lib/python3.10/site-packages/jax/_src/pallas/pallas_call.py", line 1319, in _pallas_call_lowering
    return mlir.lower_per_platform(ctx, "pallas_call",
  File "/tmp/algebraic-phase7-6af306ae88aa-20260923T110935Z/venv/lib/python3.10/site-packages/jax/_src/pallas/pallas_call.py", line 1292, in tpu_lowering
    return mosaic_tpu_backend.pallas_call_tpu_lowering_rule(
  File "/tmp/algebraic-phase7-6af306ae88aa-20260923T110935Z/venv/lib/python3.10/site-packages/jax/_src/pallas/mosaic/pallas_call_registration.py", line 251, in pallas_call_tpu_lowering_rule
    out_nodes = mosaic.lower_module_to_custom_call(
  File "/tmp/algebraic-phase7-6af306ae88aa-20260923T110935Z/venv/lib/python3.10/site-packages/jax/_src/tpu_custom_call.py", line 634, in lower_module_to_custom_call
    return _tpu_custom_call_lowering(
  File "/tmp/algebraic-phase7-6af306ae88aa-20260923T110935Z/venv/lib/python3.10/site-packages/jax/_src/tpu_custom_call.py", line 296, in _tpu_custom_call_lowering
    raise NotImplementedError(
NotImplementedError: Mosaic kernels cannot be automatically partitioned. Please wrap the call in a shard_map.
Traceback (most recent call last):
  File "/tmp/algebraic-phase7-6af306ae88aa-20260923T110935Z/scripts/run_pilot_15m.py", line 460, in <module>
    raise SystemExit(main())
  File "/tmp/algebraic-phase7-6af306ae88aa-20260923T110935Z/scripts/run_pilot_15m.py", line 318, in main
    base_res = run_training_arm(
  File "/tmp/algebraic-phase7-6af306ae88aa-20260923T110935Z/scripts/run_pilot_15m.py", line 100, in run_training_arm
    warmup_params, warmup_opt_state, _ = jitted_step(
  File "/tmp/algebraic-phase7-6af306ae88aa-20260923T110935Z/scripts/phase7_experiments.py", line 127, in step_fn
    (loss, aux), raw_grads = jax.value_and_grad(loss_fn, has_aux=True)(params)
  File "/tmp/algebraic-phase7-6af306ae88aa-20260923T110935Z/scripts/phase7_experiments.py", line 124, in loss_fn
    loss_val, aux = model.loss(p, tokens, targets, cos_angles=cos_angles, sin_angles=sin_angles)
  File "/tmp/algebraic-phase7-6af306ae88aa-20260923T110935Z/src/baseline.py", line 270, in loss
    hidden = self._hidden(params, tokens, cos_angles, sin_angles)
  File "/tmp/algebraic-phase7-6af306ae88aa-20260923T110935Z/src/baseline.py", line 204, in _hidden
    x = layer_fn(x, layer, cos_angles, sin_angles)
  File "/tmp/algebraic-phase7-6af306ae88aa-20260923T110935Z/src/baseline.py", line 108, in _baseline_layer_forward
    attn_out = standard_flash_attention(
  File "/tmp/algebraic-phase7-6af306ae88aa-20260923T110935Z/src/kernels/pallas_flash_attention.py", line 292, in standard_flash_attention
    return flash_attention(
  File "/tmp/algebraic-phase7-6af306ae88aa-20260923T110935Z/venv/lib/python3.10/site-packages/jax/experimental/pallas/ops/tpu/flash_attention.py", line 199, in flash_attention
    return _flash_attention(
jax._src.source_info_util.JaxStackTraceBeforeTransformation: NotImplementedError: Mosaic kernels cannot be automatically partitioned. Please wrap the call in a shard_map.

The preceding stack trace is the source of the JAX operation that, once transformed by JAX, triggered the following exception.

--------------------

The above exception was the direct cause of the following exception:

jax.errors.SimplifiedTraceback: For simplicity, JAX has removed its internal frames from the traceback of the following exception. Set JAX_TRACEBACK_FILTERING=off to include these.

The above exception was the direct cause of the following exception:

Traceback (most recent call last):
  File "/tmp/algebraic-phase7-6af306ae88aa-20260923T110935Z/scripts/run_pilot_15m.py", line 460, in <module>
    raise SystemExit(main())
  File "/tmp/algebraic-phase7-6af306ae88aa-20260923T110935Z/scripts/run_pilot_15m.py", line 318, in main
    base_res = run_training_arm(
  File "/tmp/algebraic-phase7-6af306ae88aa-20260923T110935Z/scripts/run_pilot_15m.py", line 100, in run_training_arm
    warmup_params, warmup_opt_state, _ = jitted_step(
  File "/tmp/algebraic-phase7-6af306ae88aa-20260923T110935Z/venv/lib/python3.10/site-packages/jax/_src/pallas/pallas_call.py", line 1319, in _pallas_call_lowering
    return mlir.lower_per_platform(ctx, "pallas_call",
  File "/tmp/algebraic-phase7-6af306ae88aa-20260923T110935Z/venv/lib/python3.10/site-packages/jax/_src/pallas/pallas_call.py", line 1292, in tpu_lowering
    return mosaic_tpu_backend.pallas_call_tpu_lowering_rule(
  File "/tmp/algebraic-phase7-6af306ae88aa-20260923T110935Z/venv/lib/python3.10/site-packages/jax/_src/pallas/mosaic/pallas_call_registration.py", line 251, in pallas_call_tpu_lowering_rule
    out_nodes = mosaic.lower_module_to_custom_call(
  File "/tmp/algebraic-phase7-6af306ae88aa-20260923T110935Z/venv/lib/python3.10/site-packages/jax/_src/tpu_custom_call.py", line 634, in lower_module_to_custom_call
    return _tpu_custom_call_lowering(
  File "/tmp/algebraic-phase7-6af306ae88aa-20260923T110935Z/venv/lib/python3.10/site-packages/jax/_src/tpu_custom_call.py", line 296, in _tpu_custom_call_lowering
Traceback (most recent call last):
  File "/tmp/algebraic-phase7-6af306ae88aa-20260923T110935Z/scripts/run_pilot_15m.py", line 460, in <module>
    raise SystemExit(main())
  File "/tmp/algebraic-phase7-6af306ae88aa-20260923T110935Z/scripts/run_pilot_15m.py", line 318, in main
    base_res = run_training_arm(
  File "/tmp/algebraic-phase7-6af306ae88aa-20260923T110935Z/scripts/run_pilot_15m.py", line 100, in run_training_arm
    warmup_params, warmup_opt_state, _ = jitted_step(
  File "/tmp/algebraic-phase7-6af306ae88aa-20260923T110935Z/scripts/phase7_experiments.py", line 127, in step_fn
    (loss, aux), raw_grads = jax.value_and_grad(loss_fn, has_aux=True)(params)
  File "/tmp/algebraic-phase7-6af306ae88aa-20260923T110935Z/scripts/phase7_experiments.py", line 124, in loss_fn
    loss_val, aux = model.loss(p, tokens, targets, cos_angles=cos_angles, sin_angles=sin_angles)
  File "/tmp/algebraic-phase7-6af306ae88aa-20260923T110935Z/src/baseline.py", line 270, in loss
    hidden = self._hidden(params, tokens, cos_angles, sin_angles)
  File "/tmp/algebraic-phase7-6af306ae88aa-20260923T110935Z/src/baseline.py", line 204, in _hidden
    x = layer_fn(x, layer, cos_angles, sin_angles)
  File "/tmp/algebraic-phase7-6af306ae88aa-20260923T110935Z/src/baseline.py", line 108, in _baseline_layer_forward
    attn_out = standard_flash_attention(
  File "/tmp/algebraic-phase7-6af306ae88aa-20260923T110935Z/src/kernels/pallas_flash_attention.py", line 292, in standard_flash_attention
    return flash_attention(
  File "/tmp/algebraic-phase7-6af306ae88aa-20260923T110935Z/venv/lib/python3.10/site-packages/jax/experimental/pallas/ops/tpu/flash_attention.py", line 199, in flash_attention
    return _flash_attention(
jax._src.source_info_util.JaxStackTraceBeforeTransformation: NotImplementedError: Mosaic kernels cannot be automatically partitioned. Please wrap the call in a shard_map.

The preceding stack trace is the source of the JAX operation that, once transformed by JAX, triggered the following exception.

--------------------

The above exception was the direct cause of the following exception:

jax.errors.SimplifiedTraceback: For simplicity, JAX has removed its internal frames from the traceback of the following exception. Set JAX_TRACEBACK_FILTERING=off to include these.

The above exception was the direct cause of the following exception:

Traceback (most recent call last):
  File "/tmp/algebraic-phase7-6af306ae88aa-20260923T110935Z/scripts/run_pilot_15m.py", line 460, in <module>
    raise SystemExit(main())
  File "/tmp/algebraic-phase7-6af306ae88aa-20260923T110935Z/scripts/run_pilot_15m.py", line 318, in main
    raise NotImplementedError(
NotImplementedError: Mosaic kernels cannot be automatically partitioned. Please wrap the call in a shard_map.
    base_res = run_training_arm(
  File "/tmp/algebraic-phase7-6af306ae88aa-20260923T110935Z/scripts/run_pilot_15m.py", line 100, in run_training_arm
    warmup_params, warmup_opt_state, _ = jitted_step(
  File "/tmp/algebraic-phase7-6af306ae88aa-20260923T110935Z/venv/lib/python3.10/site-packages/jax/_src/pallas/pallas_call.py", line 1319, in _pallas_call_lowering
    return mlir.lower_per_platform(ctx, "pallas_call",
  File "/tmp/algebraic-phase7-6af306ae88aa-20260923T110935Z/venv/lib/python3.10/site-packages/jax/_src/pallas/pallas_call.py", line 1292, in tpu_lowering
    return mosaic_tpu_backend.pallas_call_tpu_lowering_rule(
  File "/tmp/algebraic-phase7-6af306ae88aa-20260923T110935Z/venv/lib/python3.10/site-packages/jax/_src/pallas/mosaic/pallas_call_registration.py", line 251, in pallas_call_tpu_lowering_rule
    out_nodes = mosaic.lower_module_to_custom_call(
  File "/tmp/algebraic-phase7-6af306ae88aa-20260923T110935Z/venv/lib/python3.10/site-packages/jax/_src/tpu_custom_call.py", line 634, in lower_module_to_custom_call
    return _tpu_custom_call_lowering(
  File "/tmp/algebraic-phase7-6af306ae88aa-20260923T110935Z/venv/lib/python3.10/site-packages/jax/_src/tpu_custom_call.py", line 296, in _tpu_custom_call_lowering
    raise NotImplementedError(
NotImplementedError: Mosaic kernels cannot be automatically partitioned. Please wrap the call in a shard_map.
Traceback (most recent call last):
  File "/tmp/algebraic-phase7-6af306ae88aa-20260923T110935Z/scripts/run_pilot_15m.py", line 460, in <module>
    raise SystemExit(main())
  File "/tmp/algebraic-phase7-6af306ae88aa-20260923T110935Z/scripts/run_pilot_15m.py", line 318, in main
    base_res = run_training_arm(
  File "/tmp/algebraic-phase7-6af306ae88aa-20260923T110935Z/scripts/run_pilot_15m.py", line 100, in run_training_arm
    warmup_params, warmup_opt_state, _ = jitted_step(
  File "/tmp/algebraic-phase7-6af306ae88aa-20260923T110935Z/scripts/phase7_experiments.py", line 127, in step_fn
    (loss, aux), raw_grads = jax.value_and_grad(loss_fn, has_aux=True)(params)
  File "/tmp/algebraic-phase7-6af306ae88aa-20260923T110935Z/scripts/phase7_experiments.py", line 124, in loss_fn
    loss_val, aux = model.loss(p, tokens, targets, cos_angles=cos_angles, sin_angles=sin_angles)
  File "/tmp/algebraic-phase7-6af306ae88aa-20260923T110935Z/src/baseline.py", line 270, in loss
    hidden = self._hidden(params, tokens, cos_angles, sin_angles)
  File "/tmp/algebraic-phase7-6af306ae88aa-20260923T110935Z/src/baseline.py", line 204, in _hidden
    x = layer_fn(x, layer, cos_angles, sin_angles)
  File "/tmp/algebraic-phase7-6af306ae88aa-20260923T110935Z/src/baseline.py", line 108, in _baseline_layer_forward
    attn_out = standard_flash_attention(
  File "/tmp/algebraic-phase7-6af306ae88aa-20260923T110935Z/src/kernels/pallas_flash_attention.py", line 292, in standard_flash_attention
    return flash_attention(
  File "/tmp/algebraic-phase7-6af306ae88aa-20260923T110935Z/venv/lib/python3.10/site-packages/jax/experimental/pallas/ops/tpu/flash_attention.py", line 199, in flash_attention
    return _flash_attention(
jax._src.source_info_util.JaxStackTraceBeforeTransformation: NotImplementedError: Mosaic kernels cannot be automatically partitioned. Please wrap the call in a shard_map.

The preceding stack trace is the source of the JAX operation that, once transformed by JAX, triggered the following exception.

--------------------

The above exception was the direct cause of the following exception:

jax.errors.SimplifiedTraceback: For simplicity, JAX has removed its internal frames from the traceback of the following exception. Set JAX_TRACEBACK_FILTERING=off to include these.

The above exception was the direct cause of the following exception:

Traceback (most recent call last):
  File "/tmp/algebraic-phase7-6af306ae88aa-20260923T110935Z/scripts/run_pilot_15m.py", line 460, in <module>
    raise SystemExit(main())
  File "/tmp/algebraic-phase7-6af306ae88aa-20260923T110935Z/scripts/run_pilot_15m.py", line 318, in main
    base_res = run_training_arm(
  File "/tmp/algebraic-phase7-6af306ae88aa-20260923T110935Z/scripts/run_pilot_15m.py", line 100, in run_training_arm
    warmup_params, warmup_opt_state, _ = jitted_step(
  File "/tmp/algebraic-phase7-6af306ae88aa-20260923T110935Z/venv/lib/python3.10/site-packages/jax/_src/pallas/pallas_call.py", line 1319, in _pallas_call_lowering
    return mlir.lower_per_platform(ctx, "pallas_call",
  File "/tmp/algebraic-phase7-6af306ae88aa-20260923T110935Z/venv/lib/python3.10/site-packages/jax/_src/pallas/pallas_call.py", line 1292, in tpu_lowering
    return mosaic_tpu_backend.pallas_call_tpu_lowering_rule(
  File "/tmp/algebraic-phase7-6af306ae88aa-20260923T110935Z/venv/lib/python3.10/site-packages/jax/_src/pallas/mosaic/pallas_call_registration.py", line 251, in pallas_call_tpu_lowering_rule
    out_nodes = mosaic.lower_module_to_custom_call(
  File "/tmp/algebraic-phase7-6af306ae88aa-20260923T110935Z/venv/lib/python3.10/site-packages/jax/_src/tpu_custom_call.py", line 634, in lower_module_to_custom_call
    return _tpu_custom_call_lowering(
  File "/tmp/algebraic-phase7-6af306ae88aa-20260923T110935Z/venv/lib/python3.10/site-packages/jax/_src/tpu_custom_call.py", line 296, in _tpu_custom_call_lowering
    raise NotImplementedError(
NotImplementedError: Mosaic kernels cannot be automatically partitioned. Please wrap the call in a shard_map.
##### Command execution on worker 3 failed with exit status 1. Continuing.
##### Command execution on worker 1 failed with exit status 1. Continuing.
##### Command execution on worker 2 failed with exit status 1. Continuing.
##### Command execution on worker 0 failed with exit status 1. Continuing.
