Using ssh batch size of 1. Attempting to SSH into 1 nodes with a total of 4 workers.
SSH: Attempting to connect to worker 0...
SSH: Attempting to connect to worker 1...
SSH: Attempting to connect to worker 2...
SSH: Attempting to connect to worker 3...
WARNING: Cannot retrieve keys in ssh-agent. Command may stall.
Using scp batch size of 1.Attempting to SCP into 1 nodes with a total of 4 workers.
SCP: Attempting to connect to worker 0...
SCP: Attempting to connect to worker 1...
SCP: Attempting to connect to worker 2...
SCP: Attempting to connect to worker 3...
Using ssh batch size of 1. Attempting to SSH into 1 nodes with a total of 4 workers.
SSH: Attempting to connect to worker 0...
SSH: Attempting to connect to worker 1...
SSH: Attempting to connect to worker 2...
SSH: Attempting to connect to worker 3...
Collecting jax==0.6.2
  Using cached jax-0.6.2-py3-none-any.whl (2.7 MB)
Collecting jax==0.6.2
  Using cached jax-0.6.2-py3-none-any.whl (2.7 MB)
Collecting jax==0.6.2
  Using cached jax-0.6.2-py3-none-any.whl (2.7 MB)
Collecting jax==0.6.2
  Using cached jax-0.6.2-py3-none-any.whl (2.7 MB)
Collecting jaxlib==0.6.2
Collecting jaxlib==0.6.2
Collecting jaxlib==0.6.2
Collecting jaxlib==0.6.2
  Using cached jaxlib-0.6.2-cp310-cp310-manylinux2014_x86_64.whl (89.9 MB)
  Using cached jaxlib-0.6.2-cp310-cp310-manylinux2014_x86_64.whl (89.9 MB)
  Using cached jaxlib-0.6.2-cp310-cp310-manylinux2014_x86_64.whl (89.9 MB)
  Using cached jaxlib-0.6.2-cp310-cp310-manylinux2014_x86_64.whl (89.9 MB)
Collecting numpy==2.2.6
  Using cached numpy-2.2.6-cp310-cp310-manylinux_2_17_x86_64.manylinux2014_x86_64.whl (16.8 MB)
Collecting numpy==2.2.6
  Using cached numpy-2.2.6-cp310-cp310-manylinux_2_17_x86_64.manylinux2014_x86_64.whl (16.8 MB)
Collecting numpy==2.2.6
  Using cached numpy-2.2.6-cp310-cp310-manylinux_2_17_x86_64.manylinux2014_x86_64.whl (16.8 MB)
Collecting numpy==2.2.6
  Using cached numpy-2.2.6-cp310-cp310-manylinux_2_17_x86_64.manylinux2014_x86_64.whl (16.8 MB)
Collecting pytest==8.4.2
  Using cached pytest-8.4.2-py3-none-any.whl (365 kB)
Collecting pytest==8.4.2
  Using cached pytest-8.4.2-py3-none-any.whl (365 kB)
Collecting pytest==8.4.2
  Using cached pytest-8.4.2-py3-none-any.whl (365 kB)
Collecting pytest==8.4.2
  Using cached pytest-8.4.2-py3-none-any.whl (365 kB)
Collecting matplotlib==3.10.6
  Using cached matplotlib-3.10.6-cp310-cp310-manylinux2014_x86_64.manylinux_2_17_x86_64.whl (8.7 MB)
Collecting matplotlib==3.10.6
  Using cached matplotlib-3.10.6-cp310-cp310-manylinux2014_x86_64.manylinux_2_17_x86_64.whl (8.7 MB)
Collecting matplotlib==3.10.6
  Using cached matplotlib-3.10.6-cp310-cp310-manylinux2014_x86_64.manylinux_2_17_x86_64.whl (8.7 MB)
Collecting matplotlib==3.10.6
  Using cached matplotlib-3.10.6-cp310-cp310-manylinux2014_x86_64.manylinux_2_17_x86_64.whl (8.7 MB)
Collecting scipy==1.15.3
Collecting scipy==1.15.3
  Using cached scipy-1.15.3-cp310-cp310-manylinux_2_17_x86_64.manylinux2014_x86_64.whl (37.7 MB)
Collecting scipy==1.15.3
  Using cached scipy-1.15.3-cp310-cp310-manylinux_2_17_x86_64.manylinux2014_x86_64.whl (37.7 MB)
  Using cached scipy-1.15.3-cp310-cp310-manylinux_2_17_x86_64.manylinux2014_x86_64.whl (37.7 MB)
Collecting scipy==1.15.3
  Using cached scipy-1.15.3-cp310-cp310-manylinux_2_17_x86_64.manylinux2014_x86_64.whl (37.7 MB)
Collecting libtpu==0.0.17
Collecting libtpu==0.0.17
Collecting libtpu==0.0.17
Collecting libtpu==0.0.17
  Using cached libtpu-0.0.17-py3-none-manylinux_2_31_x86_64.whl (135.2 MB)
  Using cached libtpu-0.0.17-py3-none-manylinux_2_31_x86_64.whl (135.2 MB)
  Using cached libtpu-0.0.17-py3-none-manylinux_2_31_x86_64.whl (135.2 MB)
  Using cached libtpu-0.0.17-py3-none-manylinux_2_31_x86_64.whl (135.2 MB)
Collecting requests==2.34.2
  Using cached requests-2.34.2-py3-none-any.whl (73 kB)
Collecting requests==2.34.2
  Using cached requests-2.34.2-py3-none-any.whl (73 kB)
Collecting requests==2.34.2
  Using cached requests-2.34.2-py3-none-any.whl (73 kB)
Collecting opt_einsum
  Using cached opt_einsum-3.4.0-py3-none-any.whl (71 kB)
Collecting opt_einsum
  Using cached opt_einsum-3.4.0-py3-none-any.whl (71 kB)
Collecting requests==2.34.2
  Using cached requests-2.34.2-py3-none-any.whl (73 kB)
Collecting ml_dtypes>=0.5.0
  Using cached ml_dtypes-0.6.0-cp310-cp310-manylinux_2_27_x86_64.manylinux_2_28_x86_64.whl (412 kB)
Collecting ml_dtypes>=0.5.0
  Using cached ml_dtypes-0.6.0-cp310-cp310-manylinux_2_27_x86_64.manylinux_2_28_x86_64.whl (412 kB)
Collecting opt_einsum
  Using cached opt_einsum-3.4.0-py3-none-any.whl (71 kB)
Collecting ml_dtypes>=0.5.0
Collecting opt_einsum
  Using cached opt_einsum-3.4.0-py3-none-any.whl (71 kB)
  Using cached ml_dtypes-0.6.0-cp310-cp310-manylinux_2_27_x86_64.manylinux_2_28_x86_64.whl (412 kB)
Collecting iniconfig>=1
  Using cached iniconfig-2.3.0-py3-none-any.whl (7.5 kB)
Collecting pluggy<2,>=1.5
  Using cached pluggy-1.6.0-py3-none-any.whl (20 kB)
Collecting exceptiongroup>=1
  Using cached exceptiongroup-1.3.1-py3-none-any.whl (16 kB)
Collecting exceptiongroup>=1
Collecting ml_dtypes>=0.5.0
  Using cached exceptiongroup-1.3.1-py3-none-any.whl (16 kB)
  Using cached ml_dtypes-0.6.0-cp310-cp310-manylinux_2_27_x86_64.manylinux_2_28_x86_64.whl (412 kB)
Collecting tomli>=1
  Using cached tomli-2.4.1-py3-none-any.whl (14 kB)
Collecting tomli>=1
  Using cached tomli-2.4.1-py3-none-any.whl (14 kB)
Collecting exceptiongroup>=1
  Using cached exceptiongroup-1.3.1-py3-none-any.whl (16 kB)
Collecting pygments>=2.7.2
  Using cached pygments-2.21.0-py3-none-any.whl (1.3 MB)
Collecting pluggy<2,>=1.5
Collecting iniconfig>=1
  Using cached pluggy-1.6.0-py3-none-any.whl (20 kB)
  Using cached iniconfig-2.3.0-py3-none-any.whl (7.5 kB)
Collecting pygments>=2.7.2
  Using cached pygments-2.21.0-py3-none-any.whl (1.3 MB)
Collecting pluggy<2,>=1.5
  Using cached pluggy-1.6.0-py3-none-any.whl (20 kB)
Collecting pygments>=2.7.2
  Using cached pygments-2.21.0-py3-none-any.whl (1.3 MB)
Collecting tomli>=1
  Using cached tomli-2.4.1-py3-none-any.whl (14 kB)
Collecting packaging>=20
  Using cached packaging-26.3-py3-none-any.whl (129 kB)
Collecting packaging>=20
  Using cached packaging-26.3-py3-none-any.whl (129 kB)
Collecting packaging>=20
  Using cached packaging-26.3-py3-none-any.whl (129 kB)
Collecting packaging>=20
  Using cached packaging-26.3-py3-none-any.whl (129 kB)
Collecting iniconfig>=1
  Using cached iniconfig-2.3.0-py3-none-any.whl (7.5 kB)
Collecting pygments>=2.7.2
  Using cached pygments-2.21.0-py3-none-any.whl (1.3 MB)
Collecting pluggy<2,>=1.5
  Using cached pluggy-1.6.0-py3-none-any.whl (20 kB)
Collecting tomli>=1
  Using cached tomli-2.4.1-py3-none-any.whl (14 kB)
Collecting pyparsing>=2.3.1
  Using cached pyparsing-3.3.2-py3-none-any.whl (122 kB)
Collecting python-dateutil>=2.7
  Using cached python_dateutil-2.9.0.post0-py2.py3-none-any.whl (229 kB)
Collecting cycler>=0.10
  Using cached cycler-0.12.1-py3-none-any.whl (8.3 kB)
Collecting exceptiongroup>=1
  Using cached exceptiongroup-1.3.1-py3-none-any.whl (16 kB)
Collecting pyparsing>=2.3.1
  Using cached pyparsing-3.3.2-py3-none-any.whl (122 kB)
Collecting iniconfig>=1
  Using cached iniconfig-2.3.0-py3-none-any.whl (7.5 kB)
Collecting kiwisolver>=1.3.1
  Using cached kiwisolver-1.5.1-cp310-cp310-manylinux_2_12_x86_64.manylinux2010_x86_64.whl (1.6 MB)
Collecting contourpy>=1.0.1
  Using cached contourpy-1.3.2-cp310-cp310-manylinux_2_17_x86_64.manylinux2014_x86_64.whl (325 kB)
Collecting python-dateutil>=2.7
  Using cached python_dateutil-2.9.0.post0-py2.py3-none-any.whl (229 kB)
Collecting cycler>=0.10
  Using cached cycler-0.12.1-py3-none-any.whl (8.3 kB)
Collecting fonttools>=4.22.0
Collecting fonttools>=4.22.0
  Using cached fonttools-4.65.0-cp310-cp310-manylinux2014_x86_64.manylinux_2_17_x86_64.whl (5.3 MB)
  Using cached fonttools-4.65.0-cp310-cp310-manylinux2014_x86_64.manylinux_2_17_x86_64.whl (5.3 MB)
Collecting contourpy>=1.0.1
  Using cached contourpy-1.3.2-cp310-cp310-manylinux_2_17_x86_64.manylinux2014_x86_64.whl (325 kB)
Collecting fonttools>=4.22.0
  Using cached fonttools-4.65.0-cp310-cp310-manylinux2014_x86_64.manylinux_2_17_x86_64.whl (5.3 MB)
Collecting pillow>=8
Collecting pillow>=8
  Using cached pillow-12.3.0-cp310-cp310-manylinux_2_27_x86_64.manylinux_2_28_x86_64.whl (6.9 MB)
Collecting pillow>=8
  Using cached pillow-12.3.0-cp310-cp310-manylinux_2_27_x86_64.manylinux_2_28_x86_64.whl (6.9 MB)
  Using cached pillow-12.3.0-cp310-cp310-manylinux_2_27_x86_64.manylinux_2_28_x86_64.whl (6.9 MB)
Collecting pyparsing>=2.3.1
  Using cached pyparsing-3.3.2-py3-none-any.whl (122 kB)
Collecting cycler>=0.10
  Using cached cycler-0.12.1-py3-none-any.whl (8.3 kB)
Collecting contourpy>=1.0.1
  Using cached contourpy-1.3.2-cp310-cp310-manylinux_2_17_x86_64.manylinux2014_x86_64.whl (325 kB)
Collecting pillow>=8
  Using cached pillow-12.3.0-cp310-cp310-manylinux_2_27_x86_64.manylinux_2_28_x86_64.whl (6.9 MB)
Collecting contourpy>=1.0.1
  Using cached contourpy-1.3.2-cp310-cp310-manylinux_2_17_x86_64.manylinux2014_x86_64.whl (325 kB)
Collecting cycler>=0.10
  Using cached cycler-0.12.1-py3-none-any.whl (8.3 kB)
Collecting pyparsing>=2.3.1
  Using cached pyparsing-3.3.2-py3-none-any.whl (122 kB)
Collecting kiwisolver>=1.3.1
  Using cached kiwisolver-1.5.1-cp310-cp310-manylinux_2_12_x86_64.manylinux2010_x86_64.whl (1.6 MB)
Collecting python-dateutil>=2.7
  Using cached python_dateutil-2.9.0.post0-py2.py3-none-any.whl (229 kB)
Collecting fonttools>=4.22.0
Collecting kiwisolver>=1.3.1
  Using cached fonttools-4.65.0-cp310-cp310-manylinux2014_x86_64.manylinux_2_17_x86_64.whl (5.3 MB)
  Using cached kiwisolver-1.5.1-cp310-cp310-manylinux_2_12_x86_64.manylinux2010_x86_64.whl (1.6 MB)
Collecting kiwisolver>=1.3.1
  Using cached kiwisolver-1.5.1-cp310-cp310-manylinux_2_12_x86_64.manylinux2010_x86_64.whl (1.6 MB)
Collecting idna<4,>=2.5
  Using cached idna-3.19-py3-none-any.whl (68 kB)
Collecting python-dateutil>=2.7
Collecting urllib3<3,>=1.26
  Using cached python_dateutil-2.9.0.post0-py2.py3-none-any.whl (229 kB)
  Using cached urllib3-2.8.0-py3-none-any.whl (135 kB)
Collecting certifi>=2023.5.7
  Using cached certifi-2026.7.22-py3-none-any.whl (136 kB)
Collecting idna<4,>=2.5
  Using cached idna-3.19-py3-none-any.whl (68 kB)
Collecting charset_normalizer<4,>=2
  Using cached charset_normalizer-3.5.1-cp310-cp310-manylinux2014_x86_64.manylinux_2_17_x86_64.manylinux_2_28_x86_64.whl (261 kB)
Collecting idna<4,>=2.5
  Using cached idna-3.19-py3-none-any.whl (68 kB)
Collecting charset_normalizer<4,>=2
  Using cached charset_normalizer-3.5.1-cp310-cp310-manylinux2014_x86_64.manylinux_2_17_x86_64.manylinux_2_28_x86_64.whl (261 kB)
Collecting certifi>=2023.5.7
  Using cached certifi-2026.7.22-py3-none-any.whl (136 kB)
Collecting charset_normalizer<4,>=2
  Using cached charset_normalizer-3.5.1-cp310-cp310-manylinux2014_x86_64.manylinux_2_17_x86_64.manylinux_2_28_x86_64.whl (261 kB)
Collecting urllib3<3,>=1.26
  Using cached urllib3-2.8.0-py3-none-any.whl (135 kB)
Collecting certifi>=2023.5.7
  Using cached certifi-2026.7.22-py3-none-any.whl (136 kB)
Collecting charset_normalizer<4,>=2
  Using cached charset_normalizer-3.5.1-cp310-cp310-manylinux2014_x86_64.manylinux_2_17_x86_64.manylinux_2_28_x86_64.whl (261 kB)
Collecting typing-extensions>=4.6.0
  Using cached typing_extensions-4.16.0-py3-none-any.whl (45 kB)
Collecting urllib3<3,>=1.26
  Using cached urllib3-2.8.0-py3-none-any.whl (135 kB)
Collecting urllib3<3,>=1.26
  Using cached urllib3-2.8.0-py3-none-any.whl (135 kB)
Collecting typing-extensions>=4.6.0
  Using cached typing_extensions-4.16.0-py3-none-any.whl (45 kB)
Collecting typing-extensions>=4.6.0
  Using cached typing_extensions-4.16.0-py3-none-any.whl (45 kB)
Collecting certifi>=2023.5.7
  Using cached certifi-2026.7.22-py3-none-any.whl (136 kB)
Collecting idna<4,>=2.5
  Using cached idna-3.19-py3-none-any.whl (68 kB)
Collecting six>=1.5
  Using cached six-1.17.0-py2.py3-none-any.whl (11 kB)
Collecting six>=1.5
  Using cached six-1.17.0-py2.py3-none-any.whl (11 kB)
Collecting typing-extensions>=4.6.0
  Using cached typing_extensions-4.16.0-py3-none-any.whl (45 kB)
Collecting six>=1.5
  Using cached six-1.17.0-py2.py3-none-any.whl (11 kB)
Collecting six>=1.5
  Using cached six-1.17.0-py2.py3-none-any.whl (11 kB)
Installing collected packages: libtpu, urllib3, typing-extensions, tomli, six, pyparsing, pygments, pluggy, pillow, packaging, opt_einsum, numpy, kiwisolver, iniconfig, idna, fonttools, cycler, charset_normalizer, certifi, scipy, requests, python-dateutil, ml_dtypes, exceptiongroup, contourpy, pytest, matplotlib, jaxlib, jax
Installing collected packages: libtpu, urllib3, typing-extensions, tomli, six, pyparsing, pygments, pluggy, pillow, packaging, opt_einsum, numpy, kiwisolver, iniconfig, idna, fonttools, cycler, charset_normalizer, certifi, scipy, requests, python-dateutil, ml_dtypes, exceptiongroup, contourpy, pytest, matplotlib, jaxlib, jax
Installing collected packages: libtpu, urllib3, typing-extensions, tomli, six, pyparsing, pygments, pluggy, pillow, packaging, opt_einsum, numpy, kiwisolver, iniconfig, idna, fonttools, cycler, charset_normalizer, certifi, scipy, requests, python-dateutil, ml_dtypes, exceptiongroup, contourpy, pytest, matplotlib, jaxlib, jax
Installing collected packages: libtpu, urllib3, typing-extensions, tomli, six, pyparsing, pygments, pluggy, pillow, packaging, opt_einsum, numpy, kiwisolver, iniconfig, idna, fonttools, cycler, charset_normalizer, certifi, scipy, requests, python-dateutil, ml_dtypes, exceptiongroup, contourpy, pytest, matplotlib, jaxlib, jax
Successfully installed certifi-2026.7.22 charset_normalizer-3.5.1 contourpy-1.3.2 cycler-0.12.1 exceptiongroup-1.3.1 fonttools-4.65.0 idna-3.19 iniconfig-2.3.0 jax-0.6.2 jaxlib-0.6.2 kiwisolver-1.5.1 libtpu-0.0.17 matplotlib-3.10.6 ml_dtypes-0.6.0 numpy-2.2.6 opt_einsum-3.4.0 packaging-26.3 pillow-12.3.0 pluggy-1.6.0 pygments-2.21.0 pyparsing-3.3.2 pytest-8.4.2 python-dateutil-2.9.0.post0 requests-2.34.2 scipy-1.15.3 six-1.17.0 tomli-2.4.1 typing-extensions-4.16.0 urllib3-2.8.0
Successfully installed certifi-2026.7.22 charset_normalizer-3.5.1 contourpy-1.3.2 cycler-0.12.1 exceptiongroup-1.3.1 fonttools-4.65.0 idna-3.19 iniconfig-2.3.0 jax-0.6.2 jaxlib-0.6.2 kiwisolver-1.5.1 libtpu-0.0.17 matplotlib-3.10.6 ml_dtypes-0.6.0 numpy-2.2.6 opt_einsum-3.4.0 packaging-26.3 pillow-12.3.0 pluggy-1.6.0 pygments-2.21.0 pyparsing-3.3.2 pytest-8.4.2 python-dateutil-2.9.0.post0 requests-2.34.2 scipy-1.15.3 six-1.17.0 tomli-2.4.1 typing-extensions-4.16.0 urllib3-2.8.0
Successfully installed certifi-2026.7.22 charset_normalizer-3.5.1 contourpy-1.3.2 cycler-0.12.1 exceptiongroup-1.3.1 fonttools-4.65.0 idna-3.19 iniconfig-2.3.0 jax-0.6.2 jaxlib-0.6.2 kiwisolver-1.5.1 libtpu-0.0.17 matplotlib-3.10.6 ml_dtypes-0.6.0 numpy-2.2.6 opt_einsum-3.4.0 packaging-26.3 pillow-12.3.0 pluggy-1.6.0 pygments-2.21.0 pyparsing-3.3.2 pytest-8.4.2 python-dateutil-2.9.0.post0 requests-2.34.2 scipy-1.15.3 six-1.17.0 tomli-2.4.1 typing-extensions-4.16.0 urllib3-2.8.0
Successfully installed certifi-2026.7.22 charset_normalizer-3.5.1 contourpy-1.3.2 cycler-0.12.1 exceptiongroup-1.3.1 fonttools-4.65.0 idna-3.19 iniconfig-2.3.0 jax-0.6.2 jaxlib-0.6.2 kiwisolver-1.5.1 libtpu-0.0.17 matplotlib-3.10.6 ml_dtypes-0.6.0 numpy-2.2.6 opt_einsum-3.4.0 packaging-26.3 pillow-12.3.0 pluggy-1.6.0 pygments-2.21.0 pyparsing-3.3.2 pytest-8.4.2 python-dateutil-2.9.0.post0 requests-2.34.2 scipy-1.15.3 six-1.17.0 tomli-2.4.1 typing-extensions-4.16.0 urllib3-2.8.0
Using ssh batch size of 1. Attempting to SSH into 1 nodes with a total of 4 workers.
SSH: Attempting to connect to worker 0...
SSH: Attempting to connect to worker 1...
SSH: Attempting to connect to worker 2...
SSH: Attempting to connect to worker 3...
.....................................................................................................................................................................................................                   [100%]......                   [100%].....                   [100%]...
54 passed in 10.66s

54 passed in 10.73s
.....                   [100%]
54 passed in 10.77s

54 passed in 11.28s
Using ssh batch size of 1. Attempting to SSH into 1 nodes with a total of 4 workers.
SSH: Attempting to connect to worker 0...
SSH: Attempting to connect to worker 1...
SSH: Attempting to connect to worker 2...
SSH: Attempting to connect to worker 3...
parity True
benchmark float32 128 {'forward': 0.986, 'forward_backward': 0.962}
benchmark float32 256 {'forward': 0.976, 'forward_backward': 0.971}
benchmark float32 512 {'forward': 0.981, 'forward_backward': 0.95}
benchmark float32 1024 {'forward': 0.984, 'forward_backward': 0.959}
benchmark float32 2048 {'forward': 0.952, 'forward_backward': 0.957}
benchmark float32 4096 {'forward': 0.96, 'forward_backward': 0.955}
benchmark bfloat16 128 {'forward': 0.968, 'forward_backward': 0.934}
benchmark bfloat16 256 {'forward': 0.968, 'forward_backward': 0.95}
benchmark bfloat16 512 {'forward': 0.964, 'forward_backward': 0.939}
benchmark bfloat16 1024 {'forward': 0.973, 'forward_backward': 0.944}
benchmark bfloat16 2048 {'forward': 0.982, 'forward_backward': 0.953}
benchmark bfloat16 4096 {'forward': 0.987, 'forward_backward': 0.953}
TPU study 64 noise ratio 0.1773 W1 0.1709
TPU study 128 noise ratio 0.1437 W1 0.1538
TPU study 256 noise ratio 0.1184 W1 0.1349
TPU study 512 noise ratio 0.0981 W1 0.1153
TPU study 1024 noise ratio 0.0841 W1 0.0954
TPU study 2048 noise ratio 0.073 W1 0.0761
TPU study 4096 noise ratio 0.0654 W1 0.0595
Traceback (most recent call last):
  File "/tmp/algebraic-phase2-afa3d87a1418-20260916T040447Z/scripts/run_phase2_tpu.py", line 155, in <module>
    if __name__=='__main__':raise SystemExit(main())
  File "/tmp/algebraic-phase2-afa3d87a1418-20260916T040447Z/scripts/run_phase2_tpu.py", line 148, in main
    write_json(out/'metrics.json',r);write_json(out/'latencies.json',latencies)
  File "/tmp/algebraic-phase2-afa3d87a1418-20260916T040447Z/scripts/phase1_records.py", line 16, in write_json
    path.write_text(json.dumps(value, indent=2, allow_nan=False)+"\n")
  File "/usr/lib/python3.10/json/__init__.py", line 238, in dumps
    **kw).encode(obj)
  File "/usr/lib/python3.10/json/encoder.py", line 201, in encode
    chunks = list(chunks)
  File "/usr/lib/python3.10/json/encoder.py", line 431, in _iterencode
    yield from _iterencode_dict(o, _current_indent_level)
  File "/usr/lib/python3.10/json/encoder.py", line 405, in _iterencode_dict
    yield from chunks
  File "/usr/lib/python3.10/json/encoder.py", line 405, in _iterencode_dict
    yield from chunks
  File "/usr/lib/python3.10/json/encoder.py", line 325, in _iterencode_list
    yield from chunks
  File "/usr/lib/python3.10/json/encoder.py", line 405, in _iterencode_dict
    yield from chunks
  File "/usr/lib/python3.10/json/encoder.py", line 438, in _iterencode
    o = _default(o)
  File "/usr/lib/python3.10/json/encoder.py", line 179, in default
    raise TypeError(f'Object of type {o.__class__.__name__} '
TypeError: Object of type float32 is not JSON serializable
2026-09-16 04:08:19.296905: W external/xla/xla/tsl/distributed_runtime/preemption/preemption_notifier.cc:89] SIGTERM caught at 2026-09-16T04:08:19.296851318+00:00
2026-09-16 04:08:19.297151: W external/xla/xla/tsl/distributed_runtime/preemption/preemption_notifier.cc:89] SIGTERM caught at 2026-09-16T04:08:19.297097208+00:00
2026-09-16 04:08:19.309571: W external/xla/xla/tsl/distributed_runtime/preemption/preemption_notifier.cc:89] SIGTERM caught at 2026-09-16T04:08:19.309510624+00:00
Failed to execute command on multiple workers. This may have happened if you have not added your SSH key to your ssh-agent using "ssh-add ~/.ssh/google_compute_engine".
Retrying: SSH command error: [/usr/bin/ssh] exited with return code [255].
Failed to execute command on multiple workers. This may have happened if you have not added your SSH key to your ssh-agent using "ssh-add ~/.ssh/google_compute_engine".
Retrying: SSH command error: [/usr/bin/ssh] exited with return code [255].
Failed to execute command on multiple workers. This may have happened if you have not added your SSH key to your ssh-agent using "ssh-add ~/.ssh/google_compute_engine".
Retrying: SSH command error: [/usr/bin/ssh] exited with return code [255].
Failed to execute command on multiple workers. This may have happened if you have not added your SSH key to your ssh-agent using "ssh-add ~/.ssh/google_compute_engine".
Retrying: SSH command error: [/usr/bin/ssh] exited with return code [255].
SSH: Attempting to connect to worker 1...
SSH: Attempting to connect to worker 3...
SSH: Attempting to connect to worker 2...
SSH: Attempting to connect to worker 0...
parity True
benchmark float32 128 {'forward': 0.976, 'forward_backward': 0.963}
benchmark float32 256 {'forward': 0.982, 'forward_backward': 0.961}
benchmark float32 512 {'forward': 0.969, 'forward_backward': 0.965}
benchmark float32 1024 {'forward': 0.969, 'forward_backward': 0.966}
benchmark float32 2048 {'forward': 0.974, 'forward_backward': 0.958}
benchmark float32 4096 {'forward': 0.969, 'forward_backward': 0.961}
benchmark bfloat16 128 {'forward': 0.981, 'forward_backward': 0.938}
benchmark bfloat16 256 {'forward': 0.974, 'forward_backward': 0.948}
benchmark bfloat16 512 {'forward': 0.981, 'forward_backward': 0.948}
benchmark bfloat16 1024 {'forward': 0.964, 'forward_backward': 0.941}
benchmark bfloat16 2048 {'forward': 0.95, 'forward_backward': 0.942}
benchmark bfloat16 4096 {'forward': 0.984, 'forward_backward': 0.935}
TPU study 64 noise ratio 0.1773 W1 0.1709
TPU study 128 noise ratio 0.1437 W1 0.1538
TPU study 256 noise ratio 0.1184 W1 0.1349
TPU study 512 noise ratio 0.0981 W1 0.1153
TPU study 1024 noise ratio 0.0841 W1 0.0954
TPU study 2048 noise ratio 0.073 W1 0.0761
TPU study 4096 noise ratio 0.0654 W1 0.0595
Traceback (most recent call last):
  File "/tmp/algebraic-phase2-afa3d87a1418-20260916T040447Z/scripts/run_phase2_tpu.py", line 155, in <module>
    if __name__=='__main__':raise SystemExit(main())
  File "/tmp/algebraic-phase2-afa3d87a1418-20260916T040447Z/scripts/run_phase2_tpu.py", line 148, in main
    write_json(out/'metrics.json',r);write_json(out/'latencies.json',latencies)
  File "/tmp/algebraic-phase2-afa3d87a1418-20260916T040447Z/scripts/phase1_records.py", line 16, in write_json
    path.write_text(json.dumps(value, indent=2, allow_nan=False)+"\n")
  File "/usr/lib/python3.10/json/__init__.py", line 238, in dumps
    **kw).encode(obj)
  File "/usr/lib/python3.10/json/encoder.py", line 201, in encode
    chunks = list(chunks)
  File "/usr/lib/python3.10/json/encoder.py", line 431, in _iterencode
    yield from _iterencode_dict(o, _current_indent_level)
  File "/usr/lib/python3.10/json/encoder.py", line 405, in _iterencode_dict
    yield from chunks
  File "/usr/lib/python3.10/json/encoder.py", line 405, in _iterencode_dict
    yield from chunks
  File "/usr/lib/python3.10/json/encoder.py", line 325, in _iterencode_list
    yield from chunks
  File "/usr/lib/python3.10/json/encoder.py", line 405, in _iterencode_dict
    yield from chunks
  File "/usr/lib/python3.10/json/encoder.py", line 438, in _iterencode
    o = _default(o)
  File "/usr/lib/python3.10/json/encoder.py", line 179, in default
    raise TypeError(f'Object of type {o.__class__.__name__} '
TypeError: Object of type float32 is not JSON serializable
Using scp batch size of 1.Attempting to SCP into 1 nodes with a total of 1 workers.
SCP: Attempting to connect to worker 0...
Using scp batch size of 1.Attempting to SCP into 1 nodes with a total of 1 workers.
SCP: Attempting to connect to worker 1...
Using scp batch size of 1.Attempting to SCP into 1 nodes with a total of 1 workers.
SCP: Attempting to connect to worker 2...
Using scp batch size of 1.Attempting to SCP into 1 nodes with a total of 1 workers.
SCP: Attempting to connect to worker 3...
Traceback (most recent call last):
  File "/home/tas_ken_rt25/algebraic-intelligence/scripts/launch_phase2_tpu.py", line 63, in main
    ssh(f"cd {quote(remote)} && PYTHONUNBUFFERED=1 venv/bin/python scripts/run_phase2_tpu.py --output {quote(remote+'/measurements')}", "run.log")
  File "/home/tas_ken_rt25/algebraic-intelligence/scripts/launch_phase2_tpu.py", line 35, in ssh
    run(["gcloud","compute","tpus","tpu-vm","ssh",args.name,"--zone",args.zone,
  File "/home/tas_ken_rt25/algebraic-intelligence/scripts/launch_phase2_tpu.py", line 33, in run
    raise RuntimeError(f"Command failed with exit {code}; see {out/log}")
RuntimeError: Command failed with exit -9; see /home/tas_ken_rt25/algebraic-intelligence/results/phase2/tpu/run.log

During handling of the above exception, another exception occurred:

Traceback (most recent call last):
  File "/home/tas_ken_rt25/algebraic-intelligence/scripts/launch_phase2_tpu.py", line 84, in <module>
    raise SystemExit(main())
  File "/home/tas_ken_rt25/algebraic-intelligence/scripts/launch_phase2_tpu.py", line 75, in main
    raise RuntimeError(f"Expected exactly one coordinator record; found {len(candidates)} in {download}")
RuntimeError: Expected exactly one coordinator record; found 0 in /home/tas_ken_rt25/algebraic-intelligence/results/phase2/tpu/download/algebraic-phase2-afa3d87a1418-20260916T040447Z
